<html>
<body>
<pre>
<h1>礦ision Build Log</h1>
<h2>Project:</h2>
D:\沙画项目工程\11_29增加限位开关程序移植到STM103战舰\12_3基于12_2工程修改实现40X40点阵汉字显示\USER\test.uvproj
Project File Date:  12/03/2013

<h2>Output:</h2>
Build target 'Target 1'
assembling startup_stm32f10x_hd.s...
compiling test.c...
usart_communication.h(23): warning:  #1295-D: Deprecated declaration Is_empty - give arg types
usart_communication.h:   u16 Is_empty();
usart_communication.h:       ^
usart_communication.h: test.c: 1 warning, 0 errors
compiling usart_communication.c...
usart_communication.h(23): warning:  #1295-D: Deprecated declaration Is_empty - give arg types
usart_communication.h:   u16 Is_empty();
usart_communication.h:       ^
usart_communication.h: usart_communication.c: 1 warning, 0 errors
compiling command.c...
compiling delay.c...
compiling sys.c...
compiling usart.c...
compiling led.c...
compiling beep.c...
compiling key.c...
compiling exti.c...
compiling wdg.c...
compiling timer.c...
linking...
Program Size: Code=10156 RO-data=336 RW-data=88 ZI-data=3184  
FromELF: creating hex file...
"..\OBJ\test.axf" - 0 Error(s), 2 Warning(s).
Build target 'Target 1'
assembling startup_stm32f10x_hd.s...
compiling test.c...
usart_communication.h(23): warning:  #1295-D: Deprecated declaration Is_empty - give arg types
usart_communication.h:   u16 Is_empty();
usart_communication.h:       ^
usart_communication.h: test.c: 1 warning, 0 errors
compiling usart_communication.c...
usart_communication.h(23): warning:  #1295-D: Deprecated declaration Is_empty - give arg types
usart_communication.h:   u16 Is_empty();
usart_communication.h:       ^
usart_communication.h: usart_communication.c: 1 warning, 0 errors
compiling command.c...
compiling delay.c...
compiling sys.c...
compiling usart.c...
compiling led.c...
compiling beep.c...
compiling key.c...
compiling exti.c...
compiling wdg.c...
compiling timer.c...
linking...
Program Size: Code=10156 RO-data=336 RW-data=88 ZI-data=3184  
FromELF: creating hex file...
"..\OBJ\test.axf" - 0 Error(s), 2 Warning(s).
compiling test.c...
usart_communication.h(23): warning:  #1295-D: Deprecated declaration Is_empty - give arg types
usart_communication.h:   u16 Is_empty();
usart_communication.h:       ^
usart_communication.h: test.c: 1 warning, 0 errors
test.c - 0 Error(s), 1 Warning(s).
Build target 'Target 1'
linking...
Program Size: Code=10156 RO-data=336 RW-data=88 ZI-data=3184  
FromELF: creating hex file...
"..\OBJ\test.axf" - 0 Error(s), 0 Warning(s).
Build target 'Target 1'
assembling startup_stm32f10x_hd.s...
compiling test.c...
usart_communication.h(23): warning:  #1295-D: Deprecated declaration Is_empty - give arg types
usart_communication.h:   u16 Is_empty();
usart_communication.h:       ^
usart_communication.h: test.c: 1 warning, 0 errors
compiling usart_communication.c...
usart_communication.h(23): warning:  #1295-D: Deprecated declaration Is_empty - give arg types
usart_communication.h:   u16 Is_empty();
usart_communication.h:       ^
usart_communication.h: usart_communication.c: 1 warning, 0 errors
compiling command.c...
compiling delay.c...
compiling sys.c...
compiling usart.c...
compiling led.c...
compiling beep.c...
compiling key.c...
compiling exti.c...
compiling wdg.c...
compiling timer.c...
linking...
Program Size: Code=10156 RO-data=336 RW-data=88 ZI-data=3184  
FromELF: creating hex file...
"..\OBJ\test.axf" - 0 Error(s), 2 Warning(s).
Build target 'Target 1'
assembling startup_stm32f10x_hd.s...
compiling test.c...
usart_communication.h(23): warning:  #1295-D: Deprecated declaration Is_empty - give arg types
usart_communication.h:   u16 Is_empty();
usart_communication.h:       ^
usart_communication.h: test.c: 1 warning, 0 errors
compiling usart_communication.c...
usart_communication.h(23): warning:  #1295-D: Deprecated declaration Is_empty - give arg types
usart_communication.h:   u16 Is_empty();
usart_communication.h:       ^
usart_communication.h: usart_communication.c: 1 warning, 0 errors
compiling command.c...
compiling delay.c...
compiling sys.c...
compiling usart.c...
compiling led.c...
compiling beep.c...
compiling key.c...
compiling exti.c...
compiling wdg.c...
compiling timer.c...
linking...
Program Size: Code=10156 RO-data=336 RW-data=88 ZI-data=3184  
FromELF: creating hex file...
"test.axf" - 0 Error(s), 2 Warning(s).
