ARM Linker, 5.03 [Build 24] [MDK-ARM Standard]

==============================================================================

Section Cross References

    startup_stm32f10x_hd.o(STACK) refers (Special) to heapauxi.o(.text) for __use_two_region_memory
    startup_stm32f10x_hd.o(HEAP) refers (Special) to heapauxi.o(.text) for __use_two_region_memory
    startup_stm32f10x_hd.o(RESET) refers (Special) to heapauxi.o(.text) for __use_two_region_memory
    startup_stm32f10x_hd.o(RESET) refers to startup_stm32f10x_hd.o(.text) for Reset_Handler
    startup_stm32f10x_hd.o(RESET) refers to wdg.o(.text) for WWDG_IRQHandler
    startup_stm32f10x_hd.o(RESET) refers to exti.o(.text) for EXTI0_IRQHandler
    startup_stm32f10x_hd.o(RESET) refers to timer1.o(.text) for TIM2_IRQHandler
    startup_stm32f10x_hd.o(RESET) refers to usart.o(.text) for USART1_IRQHandler
    startup_stm32f10x_hd.o(RESET) refers to usart2.o(.text) for USART2_IRQHandler
    startup_stm32f10x_hd.o(.text) refers (Special) to heapauxi.o(.text) for __use_two_region_memory
    startup_stm32f10x_hd.o(.text) refers to startup_stm32f10x_hd.o(STACK) for __initial_sp
    startup_stm32f10x_hd.o(.text) refers to __main.o(!!!main) for __main
    startup_stm32f10x_hd.o(.text) refers to startup_stm32f10x_hd.o(HEAP) for Heap_Mem
    test.o(.text) refers to _printf_percent.o(.ARM.Collect$$_printf_percent$$00000000) for _printf_percent
    test.o(.text) refers to _printf_d.o(.ARM.Collect$$_printf_percent$$00000009) for _printf_d
    test.o(.text) refers to _printf_dec.o(.text) for _printf_int_dec
    test.o(.text) refers to usart.o(.text) for uart_init
    test.o(.text) refers to usart2.o(.text) for uart2_init
    test.o(.text) refers to gpio.o(.text) for GPIO_Init
    test.o(.text) refers to exti.o(.text) for EXTIX_Init
    test.o(.text) refers to key.o(.text) for KEY_Init
    test.o(.text) refers to beep.o(.text) for BEEP_Init
    test.o(.text) refers to timer1.o(.text) for TIM5_Int_Init
    test.o(.text) refers to delay.o(.text) for delay_us
    test.o(.text) refers to timer1.o(.data) for DIR_shalou
    test.o(.text) refers to accept_coordinate.o(.data) for Position_x
    test.o(.text) refers to sys.o(.text) for Stm32_Clock_Init
    test.o(.text) refers to accept_coordinate.o(.text) for Cq_insert
    test.o(.text) refers to improved_motion_strategy.o(.text) for Mp_isempty
    test.o(.text) refers to noretval__2printf.o(.text) for __2printf
    test.o(.text) refers to usart_communication.o(.data) for UC_CLEAN_SAND
    test.o(.text) refers to improved_motion_strategy.o(.data) for QJ_IMS_Mp_tail
    test.o(.text) refers to exti.o(.data) for RUN
    usart_communication.o(.text) refers to _printf_percent.o(.ARM.Collect$$_printf_percent$$00000000) for _printf_percent
    usart_communication.o(.text) refers to _printf_d.o(.ARM.Collect$$_printf_percent$$00000009) for _printf_d
    usart_communication.o(.text) refers to _printf_dec.o(.text) for _printf_int_dec
    usart_communication.o(.text) refers to noretval__2printf.o(.text) for __2printf
    usart_communication.o(.text) refers to accept_coordinate.o(.data) for Position_x
    usart_communication.o(.text) refers to usart_communication.o(.bss) for cache
    usart_communication.o(.text) refers to usart.o(.data) for USART_RX_STA
    usart_communication.o(.text) refers to usart.o(.bss) for USART_RX_BUF
    usart_communication.o(.text) refers to usart_communication.o(.data) for Check_Sum
    draw.o(.text) refers to frleqf.o(x$fpl$frleqf) for __aeabi_cfrcmple
    draw.o(.text) refers to faddsub_clz.o(x$fpl$fsub) for __aeabi_fsub
    draw.o(.text) refers to ffix.o(x$fpl$ffix) for __aeabi_f2iz
    draw.o(.text) refers to fflt_clz.o(x$fpl$fflt) for __aeabi_i2f
    draw.o(.text) refers to fleqf.o(x$fpl$fleqf) for __aeabi_cfcmple
    draw.o(.text) refers to faddsub_clz.o(x$fpl$fadd) for __aeabi_fadd
    draw.o(.text) refers to fdiv.o(x$fpl$fdiv) for __aeabi_fdiv
    draw.o(.text) refers to faddsub_clz.o(x$fpl$frsb) for __aeabi_frsub
    draw.o(.text) refers to fmul.o(x$fpl$fmul) for __aeabi_fmul
    accept_coordinate.o(.text) refers to usart_communication.o(.text) for Send_result
    accept_coordinate.o(.text) refers to delay.o(.text) for delay_ms
    accept_coordinate.o(.text) refers to usart.o(.text) for uart_init
    accept_coordinate.o(.text) refers to accept_coordinate.o(.data) for Cq_tail
    accept_coordinate.o(.text) refers to accept_coordinate.o(.bss) for Coordinate_queue
    accept_coordinate.o(.text) refers to usart.o(.data) for USART_RX_STA
    accept_coordinate.o(.text) refers to usart_communication.o(.data) for UC_Stop_flag
    accept_coordinate.o(.text) refers to usart.o(.bss) for USART_RX_BUF
    coordinate_pwm.o(.text) refers to fflt_clz.o(x$fpl$fflt) for __aeabi_i2f
    coordinate_pwm.o(.text) refers to fmul.o(x$fpl$fmul) for __aeabi_fmul
    coordinate_pwm.o(.text) refers to ffix.o(x$fpl$ffix) for __aeabi_f2iz
[...]
    rtentry.o(.ARM.Collect$$rtentry$$00000000) refers (Special) to rtentry2.o(.ARM.Collect$$rtentry$$00000009) for __rt_entry_postsh_1
    rtentry.o(.ARM.Collect$$rtentry$$00000000) refers (Special) to rtentry2.o(.ARM.Collect$$rtentry$$00000002) for __rt_entry_presh_1
    rtentry.o(.ARM.Collect$$rtentry$$00000000) refers (Special) to rtentry4.o(.ARM.Collect$$rtentry$$00000004) for __rt_entry_sh
    _printf_char_file.o(.text) refers to _printf_char_common.o(.text) for _printf_char_common
    _printf_char_file.o(.text) refers to ferror.o(.text) for ferror
    _printf_char_file.o(.text) refers to usart2.o(.text) for fputc
    dcmpi.o(x$fpl$dcmpinf) refers (Special) to usenofp.o(x$fpl$usenofp) for __I$use$fp
    dnaninf.o(x$fpl$dnaninf) refers (Special) to usenofp.o(x$fpl$usenofp) for __I$use$fp
    dretinf.o(x$fpl$dretinf) refers (Special) to usenofp.o(x$fpl$usenofp) for __I$use$fp
    fcmpi.o(x$fpl$fcmpinf) refers (Special) to usenofp.o(x$fpl$usenofp) for __I$use$fp
    fnaninf.o(x$fpl$fnaninf) refers (Special) to usenofp.o(x$fpl$usenofp) for __I$use$fp
    fretinf.o(x$fpl$fretinf) refers (Special) to usenofp.o(x$fpl$usenofp) for __I$use$fp
    rtentry2.o(.ARM.Collect$$rtentry$$00000008) refers to boardinit2.o(.text) for _platform_post_stackheap_init
    rtentry2.o(.ARM.Collect$$rtentry$$0000000A) refers to libinit.o(.ARM.Collect$$libinit$$00000000) for __rt_lib_init
    rtentry2.o(.ARM.Collect$$rtentry$$0000000B) refers to boardinit3.o(.text) for _platform_post_lib_init
    rtentry2.o(.ARM.Collect$$rtentry$$0000000D) refers to test.o(.text) for main
    rtentry2.o(.ARM.Collect$$rtentry$$0000000D) refers to exit.o(.text) for exit
    rtentry2.o(.ARM.exidx) refers to rtentry2.o(.ARM.Collect$$rtentry$$00000001) for .ARM.Collect$$rtentry$$00000001
    rtentry2.o(.ARM.exidx) refers to rtentry2.o(.ARM.Collect$$rtentry$$00000008) for .ARM.Collect$$rtentry$$00000008
    rtentry2.o(.ARM.exidx) refers to rtentry2.o(.ARM.Collect$$rtentry$$0000000A) for .ARM.Collect$$rtentry$$0000000A
    rtentry2.o(.ARM.exidx) refers to rtentry2.o(.ARM.Collect$$rtentry$$0000000B) for .ARM.Collect$$rtentry$$0000000B
    rtentry2.o(.ARM.exidx) refers to rtentry2.o(.ARM.Collect$$rtentry$$0000000D) for .ARM.Collect$$rtentry$$0000000D
    rtentry4.o(.ARM.Collect$$rtentry$$00000004) refers to sys_stackheap_outer.o(.text) for __user_setup_stackheap
    rtentry4.o(.ARM.exidx) refers to rtentry4.o(.ARM.Collect$$rtentry$$00000004) for .ARM.Collect$$rtentry$$00000004
    _printf_char_common.o(.text) refers to __printf.o(.text) for __printf
    sys_stackheap_outer.o(.text) refers to libspace.o(.text) for __user_perproc_libspace
    sys_stackheap_outer.o(.text) refers to startup_stm32f10x_hd.o(.text) for __user_initial_stackheap
    exit.o(.text) refers to rtexit.o(.ARM.Collect$$rtexit$$00000000) for __rt_exit
    libinit.o(.ARM.Collect$$libinit$$00000000) refers (Special) to libinit2.o(.ARM.Collect$$libinit$$0000002C) for __rt_lib_init_alloca_1
    libinit.o(.ARM.Collect$$libinit$$00000000) refers (Special) to libinit2.o(.ARM.Collect$$libinit$$0000002A) for __rt_lib_init_argv_1
    libinit.o(.ARM.Collect$$libinit$$00000000) refers (Special) to libinit2.o(.ARM.Collect$$libinit$$00000019) for __rt_lib_init_atexit_1
    libinit.o(.ARM.Collect$$libinit$$00000000) refers (Special) to libinit2.o(.ARM.Collect$$libinit$$0000001F) for __rt_lib_init_clock_1
    libinit.o(.ARM.Collect$$libinit$$00000000) refers (Special) to libinit2.o(.ARM.Collect$$libinit$$00000030) for __rt_lib_init_cpp_1
    libinit.o(.ARM.Collect$$libinit$$00000000) refers (Special) to libinit2.o(.ARM.Collect$$libinit$$0000002E) for __rt_lib_init_exceptions_1
    libinit.o(.ARM.Collect$$libinit$$00000000) refers (Special) to libinit2.o(.ARM.Collect$$libinit$$00000002) for __rt_lib_init_fp_1
    libinit.o(.ARM.Collect$$libinit$$00000000) refers (Special) to libinit2.o(.ARM.Collect$$libinit$$0000001D) for __rt_lib_init_fp_trap_1
    libinit.o(.ARM.Collect$$libinit$$00000000) refers (Special) to libinit2.o(.ARM.Collect$$libinit$$00000021) for __rt_lib_init_getenv_1
    libinit.o(.ARM.Collect$$libinit$$00000000) refers (Special) to libinit2.o(.ARM.Collect$$libinit$$00000008) for __rt_lib_init_heap_1
    libinit.o(.ARM.Collect$$libinit$$00000000) refers (Special) to libinit2.o(.ARM.Collect$$libinit$$0000000F) for __rt_lib_init_lc_collate_1
    libinit.o(.ARM.Collect$$libinit$$00000000) refers (Special) to libinit2.o(.ARM.Collect$$libinit$$00000011) for __rt_lib_init_lc_ctype_1
    libinit.o(.ARM.Collect$$libinit$$00000000) refers (Special) to libinit2.o(.ARM.Collect$$libinit$$00000013) for __rt_lib_init_lc_monetary_1
    libinit.o(.ARM.Collect$$libinit$$00000000) refers (Special) to libinit2.o(.ARM.Collect$$libinit$$00000015) for __rt_lib_init_lc_numeric_1
    libinit.o(.ARM.Collect$$libinit$$00000000) refers (Special) to libinit2.o(.ARM.Collect$$libinit$$00000017) for __rt_lib_init_lc_time_1
    libinit.o(.ARM.Collect$$libinit$$00000000) refers (Special) to libinit2.o(.ARM.Collect$$libinit$$0000000C) for __rt_lib_init_rand_1
    libinit.o(.ARM.Collect$$libinit$$00000000) refers (Special) to libinit2.o(.ARM.Collect$$libinit$$00000031) for __rt_lib_init_return
    libinit.o(.ARM.Collect$$libinit$$00000000) refers (Special) to libinit2.o(.ARM.Collect$$libinit$$0000001B) for __rt_lib_init_signal_1
    libinit.o(.ARM.Collect$$libinit$$00000000) refers (Special) to libinit2.o(.ARM.Collect$$libinit$$00000023) for __rt_lib_init_stdio_1
    libinit.o(.ARM.Collect$$libinit$$00000000) refers (Special) to libinit2.o(.ARM.Collect$$libinit$$0000000A) for __rt_lib_init_user_alloc_1
    libspace.o(.text) refers to libspace.o(.bss) for __libspace_start
    rtexit.o(.ARM.Collect$$rtexit$$00000000) refers (Special) to rtexit2.o(.ARM.Collect$$rtexit$$00000004) for __rt_exit_exit
    rtexit.o(.ARM.Collect$$rtexit$$00000000) refers (Special) to rtexit2.o(.ARM.Collect$$rtexit$$00000003) for __rt_exit_ls
    rtexit.o(.ARM.Collect$$rtexit$$00000000) refers (Special) to rtexit2.o(.ARM.Collect$$rtexit$$00000002) for __rt_exit_prels_1
    rtexit.o(.ARM.exidx) refers (Special) to rtexit2.o(.ARM.Collect$$rtexit$$00000004) for __rt_exit_exit
    rtexit.o(.ARM.exidx) refers (Special) to rtexit2.o(.ARM.Collect$$rtexit$$00000003) for __rt_exit_ls
    rtexit.o(.ARM.exidx) refers (Special) to rtexit2.o(.ARM.Collect$$rtexit$$00000002) for __rt_exit_prels_1
    rtexit.o(.ARM.exidx) refers to rtexit.o(.ARM.Collect$$rtexit$$00000000) for .ARM.Collect$$rtexit$$00000000
    libinit2.o(.ARM.Collect$$libinit$$0000000E) refers to libinit2.o(.ARM.Collect$$libinit$$0000000D) for .ARM.Collect$$libinit$$0000000D
    libinit2.o(.ARM.Collect$$libinit$$00000010) refers to libinit2.o(.ARM.Collect$$libinit$$0000000D) for .ARM.Collect$$libinit$$0000000D
    libinit2.o(.ARM.Collect$$libinit$$00000012) refers to libinit2.o(.ARM.Collect$$libinit$$0000000D) for .ARM.Collect$$libinit$$0000000D
    libinit2.o(.ARM.Collect$$libinit$$00000014) refers to libinit2.o(.ARM.Collect$$libinit$$0000000D) for .ARM.Collect$$libinit$$0000000D
    libinit2.o(.ARM.Collect$$libinit$$00000016) refers to libinit2.o(.ARM.Collect$$libinit$$0000000D) for .ARM.Collect$$libinit$$0000000D
    libinit2.o(.ARM.Collect$$libinit$$00000024) refers to argv_veneer.o(.emb_text) for __ARM_argv_veneer
    libinit2.o(.ARM.Collect$$libinit$$00000025) refers to argv_veneer.o(.emb_text) for __ARM_argv_veneer
    rtexit2.o(.ARM.Collect$$rtexit$$00000003) refers to libshutdown.o(.ARM.Collect$$libshutdown$$00000000) for __rt_lib_shutdown
    rtexit2.o(.ARM.Collect$$rtexit$$00000004) refers to usart2.o(.text) for _sys_exit
    rtexit2.o(.ARM.exidx) refers to rtexit2.o(.ARM.Collect$$rtexit$$00000001) for .ARM.Collect$$rtexit$$00000001
    rtexit2.o(.ARM.exidx) refers to rtexit2.o(.ARM.Collect$$rtexit$$00000003) for .ARM.Collect$$rtexit$$00000003
    rtexit2.o(.ARM.exidx) refers to rtexit2.o(.ARM.Collect$$rtexit$$00000004) for .ARM.Collect$$rtexit$$00000004
    argv_veneer.o(.emb_text) refers to no_argv.o(.text) for __ARM_get_argv
    _get_argv_nomalloc.o(.text) refers (Special) to hrguard.o(.text) for __heap_region$guard
    _get_argv_nomalloc.o(.text) refers to defsig_rtmem_outer.o(.text) for __rt_SIGRTMEM
    _get_argv_nomalloc.o(.text) refers to sys_command.o(.text) for _sys_command_string
    libshutdown.o(.ARM.Collect$$libshutdown$$00000000) refers (Special) to libshutdown2.o(.ARM.Collect$$libshutdown$$00000006) for __rt_lib_shutdown_fp_trap_1
    libshutdown.o(.ARM.Collect$$libshutdown$$00000000) refers (Special) to libshutdown2.o(.ARM.Collect$$libshutdown$$0000000E) for __rt_lib_shutdown_heap_1
    libshutdown.o(.ARM.Collect$$libshutdown$$00000000) refers (Special) to libshutdown2.o(.ARM.Collect$$libshutdown$$0000000F) for __rt_lib_shutdown_return
    libshutdown.o(.ARM.Collect$$libshutdown$$00000000) refers (Special) to libshutdown2.o(.ARM.Collect$$libshutdown$$00000009) for __rt_lib_shutdown_signal_1
    libshutdown.o(.ARM.Collect$$libshutdown$$00000000) refers (Special) to libshutdown2.o(.ARM.Collect$$libshutdown$$00000003) for __rt_lib_shutdown_stdio_1
    libshutdown.o(.ARM.Collect$$libshutdown$$00000000) refers (Special) to libshutdown2.o(.ARM.Collect$$libshutdown$$0000000B) for __rt_lib_shutdown_user_alloc_1
    sys_command.o(.text) refers (Special) to use_no_semi.o(.text) for __I$use$semihosting
    sys_command.o(.text) refers (Special) to indicate_semi.o(.text) for __semihosting_library_function
    defsig_rtmem_outer.o(.text) refers to defsig_rtmem_inner.o(.text) for __rt_SIGRTMEM_inner
    defsig_rtmem_outer.o(.text) refers to defsig_exit.o(.text) for __sig_exit
    defsig_rtmem_formal.o(.text) refers to rt_raise.o(.text) for __rt_raise
    rt_raise.o(.text) refers to __raise.o(.text) for __raise
    rt_raise.o(.text) refers to usart2.o(.text) for _sys_exit
    defsig_exit.o(.text) refers to usart2.o(.text) for _sys_exit
    defsig_rtmem_inner.o(.text) refers to defsig_general.o(.text) for __default_signal_display
    __raise.o(.text) refers to defsig.o(CL$$defsig) for __default_signal_handler
    defsig_general.o(.text) refers to sys_wrch.o(.text) for _ttywrch
    sys_wrch.o(.text) refers (Special) to use_no_semi.o(.text) for __I$use$semihosting
    sys_wrch.o(.text) refers (Special) to indicate_semi.o(.text) for __semihosting_library_function
    defsig.o(CL$$defsig) refers to defsig_rtmem_inner.o(.text) for __rt_SIGRTMEM_inner
    defsig_abrt_inner.o(.text) refers to defsig_general.o(.text) for __default_signal_display
    defsig_fpe_inner.o(.text) refers to defsig_general.o(.text) for __default_signal_display
    defsig_rtred_inner.o(.text) refers to defsig_general.o(.text) for __default_signal_display
    defsig_stak_inner.o(.text) refers to defsig_general.o(.text) for __default_signal_display
    defsig_pvfn_inner.o(.text) refers to defsig_general.o(.text) for __default_signal_display
    defsig_cppl_inner.o(.text) refers to defsig_general.o(.text) for __default_signal_display
    defsig_segv_inner.o(.text) refers to defsig_general.o(.text) for __default_signal_display
    defsig_other.o(.text) refers to defsig_general.o(.text) for __default_signal_display


==============================================================================

Removing Unused input sections from the image.

    Removing draw.o(.text), (1792 bytes).
    Removing usart.o(.constdata), (2 bytes).

2 unused section(s) (total 1794 bytes) removed from the image.

==============================================================================

Image Symbol Table

    Local Symbols

    Symbol Name                              Value     Ov Type        Size  Object(Section)

    ../clib/angel/boardlib.s                 0x00000000   Number         0  boardshut.o ABSOLUTE
    ../clib/angel/boardlib.s                 0x00000000   Number         0  boardinit3.o ABSOLUTE
    ../clib/angel/boardlib.s                 0x00000000   Number         0  boardinit2.o ABSOLUTE
    ../clib/angel/boardlib.s                 0x00000000   Number         0  boardinit1.o ABSOLUTE
    ../clib/angel/handlers.s                 0x00000000   Number         0  __scatter_zi.o ABSOLUTE
    ../clib/angel/handlers.s                 0x00000000   Number         0  __scatter_copy.o ABSOLUTE
    ../clib/angel/kernel.s                   0x00000000   Number         0  rtentry4.o ABSOLUTE
    ../clib/angel/kernel.s                   0x00000000   Number         0  rtentry.o ABSOLUTE
    ../clib/angel/kernel.s                   0x00000000   Number         0  rtexit2.o ABSOLUTE
    ../clib/angel/kernel.s                   0x00000000   Number         0  rtentry2.o ABSOLUTE
    ../clib/angel/kernel.s                   0x00000000   Number         0  rtexit.o ABSOLUTE
    ../clib/angel/rt.s                       0x00000000   Number         0  rt_raise.o ABSOLUTE
    ../clib/angel/scatter.s                  0x00000000   Number         0  __scatter.o ABSOLUTE
    ../clib/angel/startup.s                  0x00000000   Number         0  __main.o ABSOLUTE
    ../clib/angel/sys.s                      0x00000000   Number         0  use_no_semi.o ABSOLUTE
    ../clib/angel/sys.s                      0x00000000   Number         0  use_no_semi_2.o ABSOLUTE
    ../clib/angel/sys.s                      0x00000000   Number         0  indicate_semi.o ABSOLUTE
    ../clib/angel/sys.s                      0x00000000   Number         0  sys_stackheap_outer.o ABSOLUTE
    ../clib/angel/sys.s                      0x00000000   Number         0  libspace.o ABSOLUTE
    ../clib/angel/sysapp.c                   0x00000000   Number         0  sys_command.o ABSOLUTE
    ../clib/angel/sysapp.c                   0x00000000   Number         0  sys_wrch.o ABSOLUTE
    ../clib/armsys.c                         0x00000000   Number         0  no_argv.o ABSOLUTE
    ../clib/armsys.c                         0x00000000   Number         0  _get_argv_nomalloc.o ABSOLUTE
    ../clib/armsys.c                         0x00000000   Number         0  argv_veneer.o ABSOLUTE
    ../clib/armsys.c                         0x00000000   Number         0  argv_veneer.o ABSOLUTE
    ../clib/heapalloc.c                      0x00000000   Number         0  hrguard.o ABSOLUTE
    ../clib/heapaux.c                        0x00000000   Number         0  heapauxi.o ABSOLUTE
    ../clib/libinit.s                        0x00000000   Number         0  libshutdown2.o ABSOLUTE
    ../clib/libinit.s                        0x00000000   Number         0  libshutdown.o ABSOLUTE
    ../clib/libinit.s                        0x00000000   Number         0  libinit2.o ABSOLUTE
    ../clib/libinit.s                        0x00000000   Number         0  libinit.o ABSOLUTE
    ../clib/printf.c                         0x00000000   Number         0  _printf_intcommon.o ABSOLUTE
    ../clib/printf.c                         0x00000000   Number         0  _printf_char_common.o ABSOLUTE
    ../clib/printf.c                         0x00000000   Number         0  __printf_nopercent.o ABSOLUTE
    ../clib/printf.c                         0x00000000   Number         0  __2printf.o ABSOLUTE
    ../clib/printf.c                         0x00000000   Number         0  noretval__2printf.o ABSOLUTE
    ../clib/printf.c                         0x00000000   Number         0  __printf.o ABSOLUTE
    ../clib/printf.c                         0x00000000   Number         0  _printf_dec.o ABSOLUTE
    ../clib/printf.c                         0x00000000   Number         0  __printf_flags.o ABSOLUTE
    ../clib/printf.c                         0x00000000   Number         0  __printf_ss.o ABSOLUTE
    ../clib/printf.c                         0x00000000   Number         0  __printf_flags_ss.o ABSOLUTE
    ../clib/printf.c                         0x00000000   Number         0  __printf_wp.o ABSOLUTE
    ../clib/printf.c                         0x00000000   Number         0  __printf_flags_wp.o ABSOLUTE
    ../clib/printf.c                         0x00000000   Number         0  __printf_ss_wp.o ABSOLUTE
    ../clib/printf.c                         0x00000000   Number         0  __printf_flags_ss_wp.o ABSOLUTE
    ../clib/printf.c                         0x00000000   Number         0  _printf_char_file.o ABSOLUTE
    ../clib/printf_percent.s                 0x00000000   Number         0  _printf_percent.o ABSOLUTE
    ../clib/printf_percent.s                 0x00000000   Number         0  _printf_d.o ABSOLUTE
    ../clib/printf_percent.s                 0x00000000   Number         0  _printf_percent_end.o ABSOLUTE
    ../clib/signal.c                         0x00000000   Number         0  defsig_general.o ABSOLUTE
    ../clib/signal.c                         0x00000000   Number         0  __raise.o ABSOLUTE
    ../clib/signal.c                         0x00000000   Number         0  defsig_rtmem_inner.o ABSOLUTE
    ../clib/signal.c                         0x00000000   Number         0  defsig_exit.o ABSOLUTE
    ../clib/signal.c                         0x00000000   Number         0  defsig_rtred_inner.o ABSOLUTE
    ../clib/signal.c                         0x00000000   Number         0  defsig_rtmem_formal.o ABSOLUTE
    ../clib/signal.c                         0x00000000   Number         0  defsig_rtmem_outer.o ABSOLUTE
    ../clib/signal.c                         0x00000000   Number         0  defsig_other.o ABSOLUTE
    ../clib/signal.c                         0x00000000   Number         0  defsig_segv_inner.o ABSOLUTE
    ../clib/signal.c                         0x00000000   Number         0  defsig_cppl_inner.o ABSOLUTE
    ../clib/signal.c                         0x00000000   Number         0  defsig_pvfn_inner.o ABSOLUTE
    ../clib/signal.c                         0x00000000   Number         0  defsig_stak_inner.o ABSOLUTE
    ../clib/signal.c                         0x00000000   Number         0  defsig_fpe_inner.o ABSOLUTE
    ../clib/signal.c                         0x00000000   Number         0  defsig_abrt_inner.o ABSOLUTE
    ../clib/signal.s                         0x00000000   Number         0  defsig.o ABSOLUTE
    ../clib/stdio.c                          0x00000000   Number         0  ferror.o ABSOLUTE
    ../clib/stdio.c                          0x00000000   Number         0  ferror_locked.o ABSOLUTE
    ../clib/stdlib.c                         0x00000000   Number         0  exit.o ABSOLUTE
    ../fplib/d2f.s                           0x00000000   Number         0  d2f.o ABSOLUTE
    ../fplib/dcmpi.s                         0x00000000   Number         0  dcmpi.o ABSOLUTE
    ../fplib/ddiv.s                          0x00000000   Number         0  ddiv.o ABSOLUTE
    ../fplib/dflt.s                          0x00000000   Number         0  dflt_clz.o ABSOLUTE
    ../fplib/dleqf.s                         0x00000000   Number         0  dleqf.o ABSOLUTE
    ../fplib/dmul.s                          0x00000000   Number         0  dmul.o ABSOLUTE
    ../fplib/dnaninf.s                       0x00000000   Number         0  dnaninf.o ABSOLUTE
    ../fplib/dretinf.s                       0x00000000   Number         0  dretinf.o ABSOLUTE
    ../fplib/drleqf.s                        0x00000000   Number         0  drleqf.o ABSOLUTE
    ../fplib/f2d.s                           0x00000000   Number         0  f2d.o ABSOLUTE
    ../fplib/faddsub.s                       0x00000000   Number         0  faddsub_clz.o ABSOLUTE
    ../fplib/fcmpi.s                         0x00000000   Number         0  fcmpi.o ABSOLUTE
    ../fplib/fdiv.s                          0x00000000   Number         0  fdiv.o ABSOLUTE
    ../fplib/feqf.s                          0x00000000   Number         0  feqf.o ABSOLUTE
    ../fplib/ffix.s                          0x00000000   Number         0  ffix.o ABSOLUTE
    ../fplib/ffixu.s                         0x00000000   Number         0  ffixu.o ABSOLUTE
    ../fplib/fflt.s                          0x00000000   Number         0  fflt_clz.o ABSOLUTE
    ../fplib/fleqf.s                         0x00000000   Number         0  fleqf.o ABSOLUTE
    ../fplib/fmul.s                          0x00000000   Number         0  fmul.o ABSOLUTE
    ../fplib/fnaninf.s                       0x00000000   Number         0  fnaninf.o ABSOLUTE
    ../fplib/fpinit.s                        0x00000000   Number         0  fpinit.o ABSOLUTE
    ../fplib/fretinf.s                       0x00000000   Number         0  fretinf.o ABSOLUTE
    ../fplib/frleqf.s                        0x00000000   Number         0  frleqf.o ABSOLUTE
    ../fplib/usenofp.s                       0x00000000   Number         0  usenofp.o ABSOLUTE
    ..\HARDWARE\BEEP\beep.c                  0x00000000   Number         0  beep.o ABSOLUTE
    ..\HARDWARE\EXTI\exti.c                  0x00000000   Number         0  exti.o ABSOLUTE
    ..\HARDWARE\GPIO\gpio.c                  0x00000000   Number         0  gpio.o ABSOLUTE
    ..\HARDWARE\KEY\key.c                    0x00000000   Number         0  key.o ABSOLUTE
    ..\HARDWARE\WDG\wdg.c                    0x00000000   Number         0  wdg.o ABSOLUTE
    ..\SYSTEM\delay\delay.c                  0x00000000   Number         0  delay.o ABSOLUTE
    ..\SYSTEM\sys\sys.c                      0x00000000   Number         0  sys.o ABSOLUTE
    ..\SYSTEM\usart\usart.c                  0x00000000   Number         0  usart.o ABSOLUTE
    ..\SYSTEM\usart\usart2.c                 0x00000000   Number         0  usart2.o ABSOLUTE
    ..\\SYSTEM\\sys\\sys.c                   0x00000000   Number         0  sys.o ABSOLUTE
    accept_coordinate.c                      0x00000000   Number         0  accept_coordinate.o ABSOLUTE
    coordinate_PWM.c                         0x00000000   Number         0  coordinate_pwm.o ABSOLUTE
    cos.c                                    0x00000000   Number         0  cos.o ABSOLUTE
    dc.s                                     0x00000000   Number         0  dc.o ABSOLUTE
    draw.c                                   0x00000000   Number         0  draw.o ABSOLUTE
    improved_motion_strategy.c               0x00000000   Number         0  improved_motion_strategy.o ABSOLUTE
    startup_stm32f10x_hd.s                   0x00000000   Number         0  startup_stm32f10x_hd.o ABSOLUTE
    test.c                                   0x00000000   Number         0  test.o ABSOLUTE
    timer1.c                                 0x00000000   Number         0  timer1.o ABSOLUTE
    usart_communication.c                    0x00000000   Number         0  usart_communication.o ABSOLUTE
    RESET                                    0x08000000   Section      304  startup_stm32f10x_hd.o(RESET)
    !!!main                                  0x08000130   Section        8  __main.o(!!!main)
    !!!scatter                               0x08000138   Section       52  __scatter.o(!!!scatter)
    !!handler_copy                           0x0800016c   Section       26  __scatter_copy.o(!!handler_copy)
    !!handler_zi                             0x08000188   Section       28  __scatter_zi.o(!!handler_zi)
    .ARM.Collect$$_printf_percent$$00000000  0x080001a4   Section        0  _printf_percent.o(.ARM.Collect$$_printf_percent$$00000000)
    .ARM.Collect$$_printf_percent$$00000009  0x080001a4   Section        6  _printf_d.o(.ARM.Collect$$_printf_percent$$00000009)
    .ARM.Collect$$_printf_percent$$00000017  0x080001aa   Section        4  _printf_percent_end.o(.ARM.Collect$$_printf_percent$$00000017)
    .ARM.Collect$$libinit$$00000000          0x080001ae   Section        2  libinit.o(.ARM.Collect$$libinit$$00000000)
    .ARM.Collect$$libinit$$00000002          0x080001b0   Section        0  libinit2.o(.ARM.Collect$$libinit$$00000002)
    .ARM.Collect$$libinit$$00000008          0x080001b0   Section        0  libinit2.o(.ARM.Collect$$libinit$$00000008)
    .ARM.Collect$$libinit$$0000000A          0x080001b0   Section        0  libinit2.o(.ARM.Collect$$libinit$$0000000A)
    .ARM.Collect$$libinit$$0000000C          0x080001b0   Section        0  libinit2.o(.ARM.Collect$$libinit$$0000000C)
    .ARM.Collect$$libinit$$0000000F          0x080001b0   Section        0  libinit2.o(.ARM.Collect$$libinit$$0000000F)
    .ARM.Collect$$libinit$$00000011          0x080001b0   Section        0  libinit2.o(.ARM.Collect$$libinit$$00000011)
    .ARM.Collect$$libinit$$00000013          0x080001b0   Section        0  libinit2.o(.ARM.Collect$$libinit$$00000013)
    .ARM.Collect$$libinit$$00000015          0x080001b0   Section        0  libinit2.o(.ARM.Collect$$libinit$$00000015)
    .ARM.Collect$$libinit$$00000017          0x080001b0   Section        0  libinit2.o(.ARM.Collect$$libinit$$00000017)
    .ARM.Collect$$libinit$$00000019          0x080001b0   Section        0  libinit2.o(.ARM.Collect$$libinit$$00000019)
    .ARM.Collect$$libinit$$0000001B          0x080001b0   Section        0  libinit2.o(.ARM.Collect$$libinit$$0000001B)
    .ARM.Collect$$libinit$$0000001D          0x080001b0   Section        0  libinit2.o(.ARM.Collect$$libinit$$0000001D)
    .ARM.Collect$$libinit$$0000001F          0x080001b0   Section        0  libinit2.o(.ARM.Collect$$libinit$$0000001F)
    .ARM.Collect$$libinit$$00000021          0x080001b0   Section        0  libinit2.o(.ARM.Collect$$libinit$$00000021)
    .ARM.Collect$$libinit$$00000023          0x080001b0   Section        0  libinit2.o(.ARM.Collect$$libinit$$00000023)
    .ARM.Collect$$libinit$$0000002A          0x080001b0   Section        0  libinit2.o(.ARM.Collect$$libinit$$0000002A)
    .ARM.Collect$$libinit$$0000002C          0x080001b0   Section        0  libinit2.o(.ARM.Collect$$libinit$$0000002C)
    .ARM.Collect$$libinit$$0000002E          0x080001b0   Section        0  libinit2.o(.ARM.Collect$$libinit$$0000002E)
    .ARM.Collect$$libinit$$00000030          0x080001b0   Section        0  libinit2.o(.ARM.Collect$$libinit$$00000030)
    .ARM.Collect$$libinit$$00000031          0x080001b0   Section        2  libinit2.o(.ARM.Collect$$libinit$$00000031)
    .ARM.Collect$$libshutdown$$00000000      0x080001b2   Section        2  libshutdown.o(.ARM.Collect$$libshutdown$$00000000)
    .ARM.Collect$$libshutdown$$00000003      0x080001b4   Section        0  libshutdown2.o(.ARM.Collect$$libshutdown$$00000003)
    .ARM.Collect$$libshutdown$$00000006      0x080001b4   Section        0  libshutdown2.o(.ARM.Collect$$libshutdown$$00000006)
    .ARM.Collect$$libshutdown$$00000009      0x080001b4   Section        0  libshutdown2.o(.ARM.Collect$$libshutdown$$00000009)
    .ARM.Collect$$libshutdown$$0000000B      0x080001b4   Section        0  libshutdown2.o(.ARM.Collect$$libshutdown$$0000000B)
    .ARM.Collect$$libshutdown$$0000000E      0x080001b4   Section        0  libshutdown2.o(.ARM.Collect$$libshutdown$$0000000E)
    .ARM.Collect$$libshutdown$$0000000F      0x080001b4   Section        2  libshutdown2.o(.ARM.Collect$$libshutdown$$0000000F)
    .ARM.Collect$$rtentry$$00000000          0x080001b6   Section        0  rtentry.o(.ARM.Collect$$rtentry$$00000000)
    .ARM.Collect$$rtentry$$00000002          0x080001b6   Section        0  rtentry2.o(.ARM.Collect$$rtentry$$00000002)
    .ARM.Collect$$rtentry$$00000004          0x080001b6   Section        6  rtentry4.o(.ARM.Collect$$rtentry$$00000004)
    .ARM.Collect$$rtentry$$00000009          0x080001bc   Section        0  rtentry2.o(.ARM.Collect$$rtentry$$00000009)
    .ARM.Collect$$rtentry$$0000000A          0x080001bc   Section        4  rtentry2.o(.ARM.Collect$$rtentry$$0000000A)
    .ARM.Collect$$rtentry$$0000000C          0x080001c0   Section        0  rtentry2.o(.ARM.Collect$$rtentry$$0000000C)
    .ARM.Collect$$rtentry$$0000000D          0x080001c0   Section        8  rtentry2.o(.ARM.Collect$$rtentry$$0000000D)
    .ARM.Collect$$rtexit$$00000000           0x080001c8   Section        2  rtexit.o(.ARM.Collect$$rtexit$$00000000)
    .ARM.Collect$$rtexit$$00000002           0x080001ca   Section        0  rtexit2.o(.ARM.Collect$$rtexit$$00000002)
    .ARM.Collect$$rtexit$$00000003           0x080001ca   Section        4  rtexit2.o(.ARM.Collect$$rtexit$$00000003)
    .ARM.Collect$$rtexit$$00000004           0x080001ce   Section        6  rtexit2.o(.ARM.Collect$$rtexit$$00000004)
    .emb_text                                0x080001d4   Section       12  sys.o(.emb_text)
    .text                                    0x080001e0   Section       72  startup_stm32f10x_hd.o(.text)
    .text                                    0x08000228   Section        0  test.o(.text)
    .text                                    0x080008c0   Section        0  usart_communication.o(.text)
    .text                                    0x08000c44   Section        0  accept_coordinate.o(.text)
    .text                                    0x08000ee0   Section        0  coordinate_pwm.o(.text)
    .text                                    0x08000fa8   Section        0  improved_motion_strategy.o(.text)
    .text                                    0x0800189c   Section        0  cos.o(.text)
    .text                                    0x08001998   Section        0  delay.o(.text)
    .text                                    0x08001a44   Section        0  sys.o(.text)
    .text                                    0x08001d2c   Section        0  usart.o(.text)
    .text                                    0x08001f4c   Section        0  usart2.o(.text)
    .text                                    0x08002174   Section        0  beep.o(.text)
    .text                                    0x080021ac   Section        0  key.o(.text)
    .text                                    0x080022b4   Section        0  exti.o(.text)
    .text                                    0x080023ec   Section        0  wdg.o(.text)
    .text                                    0x080024d4   Section        0  timer1.o(.text)
    .text                                    0x08002c4c   Section        0  gpio.o(.text)
    .text                                    0x08002dc4   Section        2  use_no_semi_2.o(.text)
    .text                                    0x08002dc8   Section        0  noretval__2printf.o(.text)
    .text                                    0x08002de0   Section        0  __printf.o(.text)
    .text                                    0x08002e48   Section        0  _printf_dec.o(.text)
    .text                                    0x08002ec0   Section        0  heapauxi.o(.text)
    .text                                    0x08002ec6   Section        2  use_no_semi.o(.text)
    .text                                    0x08002ec8   Section        0  _printf_intcommon.o(.text)
    .text                                    0x08002f80   Section        0  _printf_char_file.o(.text)
    .text                                    0x08002fa4   Section        0  _printf_char_common.o(.text)
    _printf_input_char                       0x08002fa5   Thumb Code    10  _printf_char_common.o(.text)
    .text                                    0x08002fd4   Section        0  ferror.o(.text)
    .text                                    0x08002fdc   Section       74  sys_stackheap_outer.o(.text)
    .text                                    0x08003026   Section        0  exit.o(.text)
    .text                                    0x08003034   Section        8  libspace.o(.text)
    x$fpl$d2f                                0x0800303c   Section       98  d2f.o(x$fpl$d2f)
    x$fpl$dcmpinf                            0x0800309e   Section       24  dcmpi.o(x$fpl$dcmpinf)
    x$fpl$ddiv                               0x080030b8   Section      688  ddiv.o(x$fpl$ddiv)
    ddiv_entry                               0x080030bf   Thumb Code     0  ddiv.o(x$fpl$ddiv)
    x$fpl$dflt                               0x08003368   Section       46  dflt_clz.o(x$fpl$dflt)
    x$fpl$dleqf                              0x08003398   Section      120  dleqf.o(x$fpl$dleqf)
    x$fpl$dmul                               0x08003410   Section      340  dmul.o(x$fpl$dmul)
    x$fpl$dnaninf                            0x08003564   Section      156  dnaninf.o(x$fpl$dnaninf)
    x$fpl$dretinf                            0x08003600   Section       12  dretinf.o(x$fpl$dretinf)
    x$fpl$drleqf                             0x0800360c   Section      108  drleqf.o(x$fpl$drleqf)
    x$fpl$f2d                                0x08003678   Section       86  f2d.o(x$fpl$f2d)
    x$fpl$fadd                               0x080036d0   Section      196  faddsub_clz.o(x$fpl$fadd)
    _fadd1                                   0x080036df   Thumb Code     0  faddsub_clz.o(x$fpl$fadd)
    x$fpl$fcmpinf                            0x08003794   Section       24  fcmpi.o(x$fpl$fcmpinf)
    x$fpl$fdiv                               0x080037ac   Section      388  fdiv.o(x$fpl$fdiv)
    _fdiv1                                   0x080037ad   Thumb Code     0  fdiv.o(x$fpl$fdiv)
    x$fpl$feqf                               0x08003930   Section      104  feqf.o(x$fpl$feqf)
    x$fpl$ffix                               0x08003998   Section       54  ffix.o(x$fpl$ffix)
    x$fpl$ffixu                              0x080039d0   Section       62  ffixu.o(x$fpl$ffixu)
    x$fpl$fflt                               0x08003a10   Section       48  fflt_clz.o(x$fpl$fflt)
    x$fpl$ffltu                              0x08003a40   Section       38  fflt_clz.o(x$fpl$ffltu)
    x$fpl$fleqf                              0x08003a68   Section      104  fleqf.o(x$fpl$fleqf)
    x$fpl$fmul                               0x08003ad0   Section      258  fmul.o(x$fpl$fmul)
    x$fpl$fnaninf                            0x08003bd2   Section      140  fnaninf.o(x$fpl$fnaninf)
    x$fpl$fretinf                            0x08003c5e   Section       10  fretinf.o(x$fpl$fretinf)
    x$fpl$frleqf                             0x08003c68   Section       98  frleqf.o(x$fpl$frleqf)
    x$fpl$frsb                               0x08003cca   Section       20  faddsub_clz.o(x$fpl$frsb)
    x$fpl$fsub                               0x08003ce0   Section      234  faddsub_clz.o(x$fpl$fsub)
    _fsub1                                   0x08003cef   Thumb Code     0  faddsub_clz.o(x$fpl$fsub)
    .constdata                               0x08003dca   Section       42  improved_motion_strategy.o(.constdata)
    x$fpl$usenofp                            0x08003dca   Section        0  usenofp.o(x$fpl$usenofp)
    .constdata                               0x08003df4   Section       18  timer1.o(.constdata)
    .data                                    0x20000000   Section       13  usart_communication.o(.data)
    .data                                    0x2000000e   Section       10  accept_coordinate.o(.data)
    .data                                    0x20000018   Section        6  coordinate_pwm.o(.data)
    .data                                    0x2000001e   Section       24  improved_motion_strategy.o(.data)
    pre_point                                0x2000001e   Data           6  improved_motion_strategy.o(.data)
    now_point                                0x20000024   Data           6  improved_motion_strategy.o(.data)
    next_point                               0x2000002a   Data           6  improved_motion_strategy.o(.data)
    Pre_status                               0x20000030   Data           2  improved_motion_strategy.o(.data)
    .data                                    0x20000036   Section        4  delay.o(.data)
    fac_us                                   0x20000036   Data           1  delay.o(.data)
    fac_ms                                   0x20000038   Data           2  delay.o(.data)
    .data                                    0x2000003a   Section        5  usart.o(.data)
    .data                                    0x20000040   Section       12  usart2.o(.data)
    .data                                    0x2000004c   Section        1  key.o(.data)
    key_up                                   0x2000004c   Data           1  key.o(.data)
    .data                                    0x2000004e   Section        2  exti.o(.data)
    .data                                    0x20000050   Section        1  wdg.o(.data)
    .data                                    0x20000054   Section       46  timer1.o(.data)
    .bss                                     0x20000084   Section      722  usart_communication.o(.bss)
    .bss                                     0x20000356   Section     3366  accept_coordinate.o(.bss)
    Coordinate_queue                         0x20000356   Data        3366  accept_coordinate.o(.bss)
    .bss                                     0x2000107c   Section    48480  improved_motion_strategy.o(.bss)
    .bss                                     0x2000cddc   Section      200  usart.o(.bss)
    .bss                                     0x2000cea4   Section      200  usart2.o(.bss)
    .bss                                     0x2000cf6c   Section      240  timer1.o(.bss)
    .bss                                     0x2000d05c   Section       96  libspace.o(.bss)
    HEAP                                     0x2000d0c0   Section        0  startup_stm32f10x_hd.o(HEAP)
    STACK                                    0x2000d0c0   Section     2048  startup_stm32f10x_hd.o(STACK)
    Heap_Mem                                 0x2000d0c0   Data           0  startup_stm32f10x_hd.o(HEAP)
    Stack_Mem                                0x2000d0c0   Data        2048  startup_stm32f10x_hd.o(STACK)
    __initial_sp                             0x2000d8c0   Data           0  startup_stm32f10x_hd.o(STACK)

    Global Symbols

    Symbol Name                              Value     Ov Type        Size  Object(Section)

    BuildAttributes$$THM_ISAv4$P$D$K$B$S$PE$A:L22UL41UL21$X:L11$S22US41US21$IEEE1$IW$USESV6$~STKCKD$USESV7$~SHL$OSPACE$ROPI$EBA8$UX$STANDARDLIB$REQ8$PRES8$EABIv2 0x00000000   Number         0  anon$$obj.o ABSOLUTE
    __ARM_use_no_argv                        0x00000000   Number         0  test.o ABSOLUTE
    __ARM_exceptions_init                     - Undefined Weak Reference
    __alloca_initialize                       - Undefined Weak Reference
    __cpp_initialize__aeabi_                  - Undefined Weak Reference
    __cxa_finalize                            - Undefined Weak Reference
    __rt_locale                               - Undefined Weak Reference
    __sigvec_lookup                           - Undefined Weak Reference
    _atexit_init                              - Undefined Weak Reference
    _call_atexit_fns                          - Undefined Weak Reference
    _clock_init                               - Undefined Weak Reference
    _fp_trap_init                             - Undefined Weak Reference
    _fp_trap_shutdown                         - Undefined Weak Reference
    _get_lc_collate                           - Undefined Weak Reference
    _get_lc_ctype                             - Undefined Weak Reference
    _get_lc_monetary                          - Undefined Weak Reference
    _get_lc_numeric                           - Undefined Weak Reference
    _get_lc_time                              - Undefined Weak Reference
    _getenv_init                              - Undefined Weak Reference
    _handle_redirection                       - Undefined Weak Reference
    _init_alloc                               - Undefined Weak Reference
    _init_user_alloc                          - Undefined Weak Reference
    _initio                                   - Undefined Weak Reference
    _mutex_acquire                            - Undefined Weak Reference
    _mutex_release                            - Undefined Weak Reference
    _printf_post_padding                      - Undefined Weak Reference
    _printf_pre_padding                       - Undefined Weak Reference
    _printf_truncate_signed                   - Undefined Weak Reference
    _printf_truncate_unsigned                 - Undefined Weak Reference
    _rand_init                                - Undefined Weak Reference
    _signal_finish                            - Undefined Weak Reference
    _signal_init                              - Undefined Weak Reference
    _terminate_alloc                          - Undefined Weak Reference
    _terminate_user_alloc                     - Undefined Weak Reference
    _terminateio                              - Undefined Weak Reference
    __Vectors_Size                           0x00000130   Number         0  startup_stm32f10x_hd.o ABSOLUTE
    __Vectors                                0x08000000   Data           4  startup_stm32f10x_hd.o(RESET)
    __Vectors_End                            0x08000130   Data           0  startup_stm32f10x_hd.o(RESET)
    __main                                   0x08000131   Thumb Code     8  __main.o(!!!main)
    __scatterload                            0x08000139   Thumb Code     0  __scatter.o(!!!scatter)
    __scatterload_rt2                        0x08000139   Thumb Code    44  __scatter.o(!!!scatter)
    __scatterload_rt2_thumb_only             0x08000139   Thumb Code     0  __scatter.o(!!!scatter)
    __scatterload_null                       0x08000147   Thumb Code     0  __scatter.o(!!!scatter)
    __scatterload_copy                       0x0800016d   Thumb Code    26  __scatter_copy.o(!!handler_copy)
    __scatterload_zeroinit                   0x08000189   Thumb Code    28  __scatter_zi.o(!!handler_zi)
    _printf_d                                0x080001a5   Thumb Code     0  _printf_d.o(.ARM.Collect$$_printf_percent$$00000009)
    _printf_percent                          0x080001a5   Thumb Code     0  _printf_percent.o(.ARM.Collect$$_printf_percent$$00000000)
    _printf_percent_end                      0x080001ab   Thumb Code     0  _printf_percent_end.o(.ARM.Collect$$_printf_percent$$00000017)
    __rt_lib_init                            0x080001af   Thumb Code     0  libinit.o(.ARM.Collect$$libinit$$00000000)
    __rt_lib_init_alloca_1                   0x080001b1   Thumb Code     0  libinit2.o(.ARM.Collect$$libinit$$0000002C)
    __rt_lib_init_argv_1                     0x080001b1   Thumb Code     0  libinit2.o(.ARM.Collect$$libinit$$0000002A)
    __rt_lib_init_atexit_1                   0x080001b1   Thumb Code     0  libinit2.o(.ARM.Collect$$libinit$$00000019)
    __rt_lib_init_clock_1                    0x080001b1   Thumb Code     0  libinit2.o(.ARM.Collect$$libinit$$0000001F)
    __rt_lib_init_cpp_1                      0x080001b1   Thumb Code     0  libinit2.o(.ARM.Collect$$libinit$$00000030)
    __rt_lib_init_exceptions_1               0x080001b1   Thumb Code     0  libinit2.o(.ARM.Collect$$libinit$$0000002E)
    __rt_lib_init_fp_1                       0x080001b1   Thumb Code     0  libinit2.o(.ARM.Collect$$libinit$$00000002)
    __rt_lib_init_fp_trap_1                  0x080001b1   Thumb Code     0  libinit2.o(.ARM.Collect$$libinit$$0000001D)
    __rt_lib_init_getenv_1                   0x080001b1   Thumb Code     0  libinit2.o(.ARM.Collect$$libinit$$00000021)
    __rt_lib_init_heap_1                     0x080001b1   Thumb Code     0  libinit2.o(.ARM.Collect$$libinit$$00000008)
    __rt_lib_init_lc_collate_1               0x080001b1   Thumb Code     0  libinit2.o(.ARM.Collect$$libinit$$0000000F)
    __rt_lib_init_lc_ctype_1                 0x080001b1   Thumb Code     0  libinit2.o(.ARM.Collect$$libinit$$00000011)
    __rt_lib_init_lc_monetary_1              0x080001b1   Thumb Code     0  libinit2.o(.ARM.Collect$$libinit$$00000013)
    __rt_lib_init_lc_numeric_1               0x080001b1   Thumb Code     0  libinit2.o(.ARM.Collect$$libinit$$00000015)
    __rt_lib_init_lc_time_1                  0x080001b1   Thumb Code     0  libinit2.o(.ARM.Collect$$libinit$$00000017)
    __rt_lib_init_rand_1                     0x080001b1   Thumb Code     0  libinit2.o(.ARM.Collect$$libinit$$0000000C)
    __rt_lib_init_return                     0x080001b1   Thumb Code     0  libinit2.o(.ARM.Collect$$libinit$$00000031)
    __rt_lib_init_signal_1                   0x080001b1   Thumb Code     0  libinit2.o(.ARM.Collect$$libinit$$0000001B)
    __rt_lib_init_stdio_1                    0x080001b1   Thumb Code     0  libinit2.o(.ARM.Collect$$libinit$$00000023)
    __rt_lib_init_user_alloc_1               0x080001b1   Thumb Code     0  libinit2.o(.ARM.Collect$$libinit$$0000000A)
    __rt_lib_shutdown                        0x080001b3   Thumb Code     0  libshutdown.o(.ARM.Collect$$libshutdown$$00000000)
    __rt_lib_shutdown_fp_trap_1              0x080001b5   Thumb Code     0  libshutdown2.o(.ARM.Collect$$libshutdown$$00000006)
    __rt_lib_shutdown_heap_1                 0x080001b5   Thumb Code     0  libshutdown2.o(.ARM.Collect$$libshutdown$$0000000E)
    __rt_lib_shutdown_return                 0x080001b5   Thumb Code     0  libshutdown2.o(.ARM.Collect$$libshutdown$$0000000F)
    __rt_lib_shutdown_signal_1               0x080001b5   Thumb Code     0  libshutdown2.o(.ARM.Collect$$libshutdown$$00000009)
    __rt_lib_shutdown_stdio_1                0x080001b5   Thumb Code     0  libshutdown2.o(.ARM.Collect$$libshutdown$$00000003)
    __rt_lib_shutdown_user_alloc_1           0x080001b5   Thumb Code     0  libshutdown2.o(.ARM.Collect$$libshutdown$$0000000B)
    __rt_entry                               0x080001b7   Thumb Code     0  rtentry.o(.ARM.Collect$$rtentry$$00000000)
    __rt_entry_presh_1                       0x080001b7   Thumb Code     0  rtentry2.o(.ARM.Collect$$rtentry$$00000002)
    __rt_entry_sh                            0x080001b7   Thumb Code     0  rtentry4.o(.ARM.Collect$$rtentry$$00000004)
    __rt_entry_li                            0x080001bd   Thumb Code     0  rtentry2.o(.ARM.Collect$$rtentry$$0000000A)
    __rt_entry_postsh_1                      0x080001bd   Thumb Code     0  rtentry2.o(.ARM.Collect$$rtentry$$00000009)
    __rt_entry_main                          0x080001c1   Thumb Code     0  rtentry2.o(.ARM.Collect$$rtentry$$0000000D)
    __rt_entry_postli_1                      0x080001c1   Thumb Code     0  rtentry2.o(.ARM.Collect$$rtentry$$0000000C)
    __rt_exit                                0x080001c9   Thumb Code     0  rtexit.o(.ARM.Collect$$rtexit$$00000000)
    __rt_exit_ls                             0x080001cb   Thumb Code     0  rtexit2.o(.ARM.Collect$$rtexit$$00000003)
    __rt_exit_prels_1                        0x080001cb   Thumb Code     0  rtexit2.o(.ARM.Collect$$rtexit$$00000002)
    __rt_exit_exit                           0x080001cf   Thumb Code     0  rtexit2.o(.ARM.Collect$$rtexit$$00000004)
    WFI_SET                                  0x080001d5   Thumb Code     2  sys.o(.emb_text)
    INTX_DISABLE                             0x080001d7   Thumb Code     2  sys.o(.emb_text)
    INTX_ENABLE                              0x080001d9   Thumb Code     2  sys.o(.emb_text)
    MSR_MSP                                  0x080001db   Thumb Code     6  sys.o(.emb_text)
    SystemInit_ExtMemCtl                     0x080001e1   Thumb Code     2  startup_stm32f10x_hd.o(.text)
    Reset_Handler                            0x080001e3   Thumb Code    14  startup_stm32f10x_hd.o(.text)
    NMI_Handler                              0x080001f1   Thumb Code     2  startup_stm32f10x_hd.o(.text)
    HardFault_Handler                        0x080001f3   Thumb Code     2  startup_stm32f10x_hd.o(.text)
    MemManage_Handler                        0x080001f5   Thumb Code     2  startup_stm32f10x_hd.o(.text)
    BusFault_Handler                         0x080001f7   Thumb Code     2  startup_stm32f10x_hd.o(.text)
    UsageFault_Handler                       0x080001f9   Thumb Code     2  startup_stm32f10x_hd.o(.text)
    SVC_Handler                              0x080001fb   Thumb Code     2  startup_stm32f10x_hd.o(.text)
    DebugMon_Handler                         0x080001fd   Thumb Code     2  startup_stm32f10x_hd.o(.text)
    PendSV_Handler                           0x080001ff   Thumb Code     2  startup_stm32f10x_hd.o(.text)
    SysTick_Handler                          0x08000201   Thumb Code     2  startup_stm32f10x_hd.o(.text)
    ADC1_2_IRQHandler                        0x08000203   Thumb Code     0  startup_stm32f10x_hd.o(.text)
    ADC3_IRQHandler                          0x08000203   Thumb Code     0  startup_stm32f10x_hd.o(.text)
    CAN1_RX1_IRQHandler                      0x08000203   Thumb Code     0  startup_stm32f10x_hd.o(.text)
    CAN1_SCE_IRQHandler                      0x08000203   Thumb Code     0  startup_stm32f10x_hd.o(.text)
    DMA1_Channel1_IRQHandler                 0x08000203   Thumb Code     0  startup_stm32f10x_hd.o(.text)
    DMA1_Channel2_IRQHandler                 0x08000203   Thumb Code     0  startup_stm32f10x_hd.o(.text)
    DMA1_Channel3_IRQHandler                 0x08000203   Thumb Code     0  startup_stm32f10x_hd.o(.text)
    DMA1_Channel4_IRQHandler                 0x08000203   Thumb Code     0  startup_stm32f10x_hd.o(.text)
    DMA1_Channel5_IRQHandler                 0x08000203   Thumb Code     0  startup_stm32f10x_hd.o(.text)
    DMA1_Channel6_IRQHandler                 0x08000203   Thumb Code     0  startup_stm32f10x_hd.o(.text)
    DMA1_Channel7_IRQHandler                 0x08000203   Thumb Code     0  startup_stm32f10x_hd.o(.text)
    DMA2_Channel1_IRQHandler                 0x08000203   Thumb Code     0  startup_stm32f10x_hd.o(.text)
    DMA2_Channel2_IRQHandler                 0x08000203   Thumb Code     0  startup_stm32f10x_hd.o(.text)
    DMA2_Channel3_IRQHandler                 0x08000203   Thumb Code     0  startup_stm32f10x_hd.o(.text)
    DMA2_Channel4_5_IRQHandler               0x08000203   Thumb Code     0  startup_stm32f10x_hd.o(.text)
    EXTI15_10_IRQHandler                     0x08000203   Thumb Code     0  startup_stm32f10x_hd.o(.text)
    EXTI1_IRQHandler                         0x08000203   Thumb Code     0  startup_stm32f10x_hd.o(.text)
    EXTI9_5_IRQHandler                       0x08000203   Thumb Code     0  startup_stm32f10x_hd.o(.text)
    FLASH_IRQHandler                         0x08000203   Thumb Code     0  startup_stm32f10x_hd.o(.text)
    FSMC_IRQHandler                          0x08000203   Thumb Code     0  startup_stm32f10x_hd.o(.text)
    I2C1_ER_IRQHandler                       0x08000203   Thumb Code     0  startup_stm32f10x_hd.o(.text)
    I2C1_EV_IRQHandler                       0x08000203   Thumb Code     0  startup_stm32f10x_hd.o(.text)
    I2C2_ER_IRQHandler                       0x08000203   Thumb Code     0  startup_stm32f10x_hd.o(.text)
    I2C2_EV_IRQHandler                       0x08000203   Thumb Code     0  startup_stm32f10x_hd.o(.text)
    PVD_IRQHandler                           0x08000203   Thumb Code     0  startup_stm32f10x_hd.o(.text)
    RCC_IRQHandler                           0x08000203   Thumb Code     0  startup_stm32f10x_hd.o(.text)
    RTCAlarm_IRQHandler                      0x08000203   Thumb Code     0  startup_stm32f10x_hd.o(.text)
    RTC_IRQHandler                           0x08000203   Thumb Code     0  startup_stm32f10x_hd.o(.text)
    SDIO_IRQHandler                          0x08000203   Thumb Code     0  startup_stm32f10x_hd.o(.text)
    SPI1_IRQHandler                          0x08000203   Thumb Code     0  startup_stm32f10x_hd.o(.text)
    SPI2_IRQHandler                          0x08000203   Thumb Code     0  startup_stm32f10x_hd.o(.text)
    SPI3_IRQHandler                          0x08000203   Thumb Code     0  startup_stm32f10x_hd.o(.text)
    TAMPER_IRQHandler                        0x08000203   Thumb Code     0  startup_stm32f10x_hd.o(.text)
    TIM1_BRK_IRQHandler                      0x08000203   Thumb Code     0  startup_stm32f10x_hd.o(.text)
    TIM1_CC_IRQHandler                       0x08000203   Thumb Code     0  startup_stm32f10x_hd.o(.text)
    TIM1_TRG_COM_IRQHandler                  0x08000203   Thumb Code     0  startup_stm32f10x_hd.o(.text)
    TIM1_UP_IRQHandler                       0x08000203   Thumb Code     0  startup_stm32f10x_hd.o(.text)
    TIM3_IRQHandler                          0x08000203   Thumb Code     0  startup_stm32f10x_hd.o(.text)
    TIM4_IRQHandler                          0x08000203   Thumb Code     0  startup_stm32f10x_hd.o(.text)
    TIM6_IRQHandler                          0x08000203   Thumb Code     0  startup_stm32f10x_hd.o(.text)
    TIM7_IRQHandler                          0x08000203   Thumb Code     0  startup_stm32f10x_hd.o(.text)
    TIM8_BRK_IRQHandler                      0x08000203   Thumb Code     0  startup_stm32f10x_hd.o(.text)
    TIM8_CC_IRQHandler                       0x08000203   Thumb Code     0  startup_stm32f10x_hd.o(.text)
    TIM8_TRG_COM_IRQHandler                  0x08000203   Thumb Code     0  startup_stm32f10x_hd.o(.text)
    TIM8_UP_IRQHandler                       0x08000203   Thumb Code     0  startup_stm32f10x_hd.o(.text)
    UART4_IRQHandler                         0x08000203   Thumb Code     0  startup_stm32f10x_hd.o(.text)
    UART5_IRQHandler                         0x08000203   Thumb Code     0  startup_stm32f10x_hd.o(.text)
    USART3_IRQHandler                        0x08000203   Thumb Code     0  startup_stm32f10x_hd.o(.text)
    USBWakeUp_IRQHandler                     0x08000203   Thumb Code     0  startup_stm32f10x_hd.o(.text)
    USB_HP_CAN1_TX_IRQHandler                0x08000203   Thumb Code     0  startup_stm32f10x_hd.o(.text)
    USB_LP_CAN1_RX0_IRQHandler               0x08000203   Thumb Code     0  startup_stm32f10x_hd.o(.text)
    __user_initial_stackheap                 0x08000205   Thumb Code     0  startup_stm32f10x_hd.o(.text)
    Hardware_Init                            0x08000229   Thumb Code    78  test.o(.text)
    Go_to_origin                             0x08000277   Thumb Code   488  test.o(.text)
    clean                                    0x0800045f   Thumb Code   702  test.o(.text)
    main                                     0x0800071d   Thumb Code   330  test.o(.text)
    Calculate_check_sum                      0x080008c1   Thumb Code    32  usart_communication.o(.text)
    Send_result                              0x080008e1   Thumb Code   284  usart_communication.o(.text)
    Check                                    0x080009fd   Thumb Code    68  usart_communication.o(.text)
    Is_full                                  0x08000a41   Thumb Code    30  usart_communication.o(.text)
    Is_empty                                 0x08000a5f   Thumb Code    14  usart_communication.o(.text)
    Length_of_queue                          0x08000a6d   Thumb Code    48  usart_communication.o(.text)
    Insert_queue                             0x08000a9d   Thumb Code   238  usart_communication.o(.text)
    Push_queue                               0x08000b8b   Thumb Code    68  usart_communication.o(.text)
    Copy_Coordinate                          0x08000c45   Thumb Code    14  accept_coordinate.o(.text)
    Cq_is_full                               0x08000c53   Thumb Code    34  accept_coordinate.o(.text)
    Cq_is_empty                              0x08000c75   Thumb Code    20  accept_coordinate.o(.text)
    Cq_insert                                0x08000c89   Thumb Code    88  accept_coordinate.o(.text)
    Cq_push                                  0x08000ce1   Thumb Code    94  accept_coordinate.o(.text)
    Cq_length                                0x08000d3f   Thumb Code    32  accept_coordinate.o(.text)
    Accept_message                           0x08000d5f   Thumb Code   344  accept_coordinate.o(.text)
    XYZ_to_pwm                               0x08000ee1   Thumb Code   192  coordinate_pwm.o(.text)
    Copy_Move_parameter                      0x08000fa9   Thumb Code    86  improved_motion_strategy.o(.text)
    Mp_isempty                               0x08000fff   Thumb Code    14  improved_motion_strategy.o(.text)
    Mp_isfull                                0x0800100d   Thumb Code    28  improved_motion_strategy.o(.text)
    Mp_insert                                0x08001029   Thumb Code    60  improved_motion_strategy.o(.text)
    Mp_push                                  0x08001065   Thumb Code    62  improved_motion_strategy.o(.text)
    Mp_length                                0x080010a3   Thumb Code    26  improved_motion_strategy.o(.text)
    Get_pre_status                           0x080010bd   Thumb Code     6  improved_motion_strategy.o(.text)
    Updata_pre_status                        0x080010c3   Thumb Code     6  improved_motion_strategy.o(.text)
    Motion_status_analysis                   0x080010c9   Thumb Code   244  improved_motion_strategy.o(.text)
    Assign_TIMARR                            0x080011bd   Thumb Code    28  improved_motion_strategy.o(.text)
    YUNSU_allocation_PWM                     0x080011d9   Thumb Code   110  improved_motion_strategy.o(.text)
    JIASU_allocation_PWM                     0x08001247   Thumb Code   172  improved_motion_strategy.o(.text)
    JIANSU_allocation_PWM                    0x080012f3   Thumb Code   340  improved_motion_strategy.o(.text)
    Improved_acceleration_curves             0x08001447   Thumb Code    74  improved_motion_strategy.o(.text)
    Shalou                                   0x08001491   Thumb Code    54  improved_motion_strategy.o(.text)
    Forecast_analysis                        0x080014c7   Thumb Code   934  improved_motion_strategy.o(.text)
    InvSqrt                                  0x0800189d   Thumb Code    98  cos.o(.text)
    Vector_Length                            0x080018ff   Thumb Code    52  cos.o(.text)
    Cos_vector                               0x08001933   Thumb Code    94  cos.o(.text)
    delay_init                               0x08001999   Thumb Code    54  delay.o(.text)
    delay_us                                 0x080019cf   Thumb Code    54  delay.o(.text)
    delay_ms                                 0x08001a05   Thumb Code    54  delay.o(.text)
    MY_NVIC_SetVectorTable                   0x08001a45   Thumb Code    12  sys.o(.text)
    MY_NVIC_PriorityGroupConfig              0x08001a51   Thumb Code    36  sys.o(.text)
    MY_NVIC_Init                             0x08001a75   Thumb Code   156  sys.o(.text)
    Ex_NVIC_Config                           0x08001b11   Thumb Code   144  sys.o(.text)
    MYRCC_DeInit                             0x08001ba1   Thumb Code    90  sys.o(.text)
    Sys_Standby                              0x08001bfb   Thumb Code    68  sys.o(.text)
    Sys_Soft_Reset                           0x08001c3f   Thumb Code    12  sys.o(.text)
    JTAG_Set                                 0x08001c4b   Thumb Code    42  sys.o(.text)
    Stm32_Clock_Init                         0x08001c75   Thumb Code   130  sys.o(.text)
    USART1_IRQHandler                        0x08001d2d   Thumb Code   284  usart.o(.text)
    uart_init                                0x08001e49   Thumb Code   226  usart.o(.text)
    _sys_exit                                0x08001f4d   Thumb Code     6  usart2.o(.text)
    fputc                                    0x08001f53   Thumb Code    22  usart2.o(.text)
    USART2_IRQHandler                        0x08001f69   Thumb Code   270  usart2.o(.text)
    uart2_init                               0x08002077   Thumb Code   216  usart2.o(.text)
    BEEP_Init                                0x08002175   Thumb Code    42  beep.o(.text)
    KEY_Init                                 0x080021ad   Thumb Code    86  key.o(.text)
    KEY_Scan                                 0x08002203   Thumb Code   138  key.o(.text)
    EXTI0_IRQHandler                         0x080022b5   Thumb Code    42  exti.o(.text)
    EXTI2_IRQHandler                         0x080022df   Thumb Code    38  exti.o(.text)
    EXTI3_IRQHandler                         0x08002305   Thumb Code    36  exti.o(.text)
    EXTI4_IRQHandler                         0x08002329   Thumb Code    58  exti.o(.text)
    EXTIX_Init                               0x08002363   Thumb Code    96  exti.o(.text)
    IWDG_Init                                0x080023ed   Thumb Code    28  wdg.o(.text)
    IWDG_Feed                                0x08002409   Thumb Code    10  wdg.o(.text)
    WWDG_Init                                0x08002413   Thumb Code   124  wdg.o(.text)
    WWDG_Set_Counter                         0x0800248f   Thumb Code    12  wdg.o(.text)
    WWDG_IRQHandler                          0x0800249b   Thumb Code    36  wdg.o(.text)
    TIM2_IRQHandler                          0x080024d5   Thumb Code   224  timer1.o(.text)
    TIM5_IRQHandler                          0x080025b5   Thumb Code  1186  timer1.o(.text)
    TIM2_Int_Init                            0x08002a57   Thumb Code    68  timer1.o(.text)
    PWM3_CH2_Init                            0x08002a9b   Thumb Code   140  timer1.o(.text)
    TIM5_Int_Init                            0x08002b27   Thumb Code    88  timer1.o(.text)
    TIM_control                              0x08002b7f   Thumb Code   142  timer1.o(.text)
    GPIO_Init                                0x08002c4d   Thumb Code   348  gpio.o(.text)
    __use_no_semihosting                     0x08002dc5   Thumb Code     2  use_no_semi_2.o(.text)
    __2printf                                0x08002dc9   Thumb Code    20  noretval__2printf.o(.text)
    __printf                                 0x08002de1   Thumb Code   104  __printf.o(.text)
    _printf_int_dec                          0x08002e49   Thumb Code   102  _printf_dec.o(.text)
    __use_two_region_memory                  0x08002ec1   Thumb Code     2  heapauxi.o(.text)
    __rt_heap_escrow$2region                 0x08002ec3   Thumb Code     2  heapauxi.o(.text)
    __rt_heap_expand$2region                 0x08002ec5   Thumb Code     2  heapauxi.o(.text)
    __I$use$semihosting                      0x08002ec7   Thumb Code     0  use_no_semi.o(.text)
    __use_no_semihosting_swi                 0x08002ec7   Thumb Code     2  use_no_semi.o(.text)
    _printf_int_common                       0x08002ec9   Thumb Code   184  _printf_intcommon.o(.text)
    _printf_char_file                        0x08002f81   Thumb Code    32  _printf_char_file.o(.text)
    _printf_char_common                      0x08002faf   Thumb Code    32  _printf_char_common.o(.text)
    ferror                                   0x08002fd5   Thumb Code     8  ferror.o(.text)
    __user_setup_stackheap                   0x08002fdd   Thumb Code    74  sys_stackheap_outer.o(.text)
    exit                                     0x08003027   Thumb Code    12  exit.o(.text)
    __user_libspace                          0x08003035   Thumb Code     8  libspace.o(.text)
    __user_perproc_libspace                  0x08003035   Thumb Code     0  libspace.o(.text)
    __user_perthread_libspace                0x08003035   Thumb Code     0  libspace.o(.text)
    __aeabi_d2f                              0x0800303d   Thumb Code     0  d2f.o(x$fpl$d2f)
    _d2f                                     0x0800303d   Thumb Code    98  d2f.o(x$fpl$d2f)
    __fpl_dcmp_Inf                           0x0800309f   Thumb Code    24  dcmpi.o(x$fpl$dcmpinf)
    __aeabi_ddiv                             0x080030b9   Thumb Code     0  ddiv.o(x$fpl$ddiv)
    _ddiv                                    0x080030b9   Thumb Code   552  ddiv.o(x$fpl$ddiv)
    __aeabi_i2d                              0x08003369   Thumb Code     0  dflt_clz.o(x$fpl$dflt)
    _dflt                                    0x08003369   Thumb Code    46  dflt_clz.o(x$fpl$dflt)
    __aeabi_cdcmple                          0x08003399   Thumb Code     0  dleqf.o(x$fpl$dleqf)
    _dcmple                                  0x08003399   Thumb Code   120  dleqf.o(x$fpl$dleqf)
    __fpl_dcmple_InfNaN                      0x080033fb   Thumb Code     0  dleqf.o(x$fpl$dleqf)
    __aeabi_dmul                             0x08003411   Thumb Code     0  dmul.o(x$fpl$dmul)
    _dmul                                    0x08003411   Thumb Code   332  dmul.o(x$fpl$dmul)
    __fpl_dnaninf                            0x08003565   Thumb Code   156  dnaninf.o(x$fpl$dnaninf)
    __fpl_dretinf                            0x08003601   Thumb Code    12  dretinf.o(x$fpl$dretinf)
    __aeabi_cdrcmple                         0x0800360d   Thumb Code     0  drleqf.o(x$fpl$drleqf)
    _drcmple                                 0x0800360d   Thumb Code   108  drleqf.o(x$fpl$drleqf)
    __aeabi_f2d                              0x08003679   Thumb Code     0  f2d.o(x$fpl$f2d)
    _f2d                                     0x08003679   Thumb Code    86  f2d.o(x$fpl$f2d)
    __aeabi_fadd                             0x080036d1   Thumb Code     0  faddsub_clz.o(x$fpl$fadd)
    _fadd                                    0x080036d1   Thumb Code   196  faddsub_clz.o(x$fpl$fadd)
    __fpl_fcmp_Inf                           0x08003795   Thumb Code    24  fcmpi.o(x$fpl$fcmpinf)
    __aeabi_fdiv                             0x080037ad   Thumb Code     0  fdiv.o(x$fpl$fdiv)
    _fdiv                                    0x080037ad   Thumb Code   384  fdiv.o(x$fpl$fdiv)
    __aeabi_cfcmpeq                          0x08003931   Thumb Code     0  feqf.o(x$fpl$feqf)
    _fcmpeq                                  0x08003931   Thumb Code   104  feqf.o(x$fpl$feqf)
    __aeabi_f2iz                             0x08003999   Thumb Code     0  ffix.o(x$fpl$ffix)
    _ffix                                    0x08003999   Thumb Code    54  ffix.o(x$fpl$ffix)
    __aeabi_f2uiz                            0x080039d1   Thumb Code     0  ffixu.o(x$fpl$ffixu)
    _ffixu                                   0x080039d1   Thumb Code    62  ffixu.o(x$fpl$ffixu)
    __aeabi_i2f                              0x08003a11   Thumb Code     0  fflt_clz.o(x$fpl$fflt)
    _fflt                                    0x08003a11   Thumb Code    48  fflt_clz.o(x$fpl$fflt)
    __aeabi_ui2f                             0x08003a41   Thumb Code     0  fflt_clz.o(x$fpl$ffltu)
    _ffltu                                   0x08003a41   Thumb Code    38  fflt_clz.o(x$fpl$ffltu)
    __aeabi_cfcmple                          0x08003a69   Thumb Code     0  fleqf.o(x$fpl$fleqf)
    _fcmple                                  0x08003a69   Thumb Code   104  fleqf.o(x$fpl$fleqf)
    __fpl_fcmple_InfNaN                      0x08003abb   Thumb Code     0  fleqf.o(x$fpl$fleqf)
    __aeabi_fmul                             0x08003ad1   Thumb Code     0  fmul.o(x$fpl$fmul)
    _fmul                                    0x08003ad1   Thumb Code   258  fmul.o(x$fpl$fmul)
    __fpl_fnaninf                            0x08003bd3   Thumb Code   140  fnaninf.o(x$fpl$fnaninf)
    __fpl_fretinf                            0x08003c5f   Thumb Code    10  fretinf.o(x$fpl$fretinf)
    __aeabi_cfrcmple                         0x08003c69   Thumb Code     0  frleqf.o(x$fpl$frleqf)
    _frcmple                                 0x08003c69   Thumb Code    98  frleqf.o(x$fpl$frleqf)
    __aeabi_frsub                            0x08003ccb   Thumb Code     0  faddsub_clz.o(x$fpl$frsb)
    _frsb                                    0x08003ccb   Thumb Code    20  faddsub_clz.o(x$fpl$frsb)
    __aeabi_fsub                             0x08003ce1   Thumb Code     0  faddsub_clz.o(x$fpl$fsub)
    _fsub                                    0x08003ce1   Thumb Code   234  faddsub_clz.o(x$fpl$fsub)
    Criterion_ARR                            0x08003dca   Data          42  improved_motion_strategy.o(.constdata)
    __I$use$fp                               0x08003dca   Number         0  usenofp.o(x$fpl$usenofp)
    CCW                                      0x08003df4   Data          16  timer1.o(.constdata)
    Shalou_need_PWM                          0x08003e04   Data           2  timer1.o(.constdata)
    Region$$Table$$Base                      0x08003e08   Number         0  anon$$obj.o(Region$$Table)
    Region$$Table$$Limit                     0x08003e28   Number         0  anon$$obj.o(Region$$Table)
    UC_CLEAN_SAND                            0x20000000   Data           1  usart_communication.o(.data)
    UC_Stop_flag                             0x20000001   Data           1  usart_communication.o(.data)
    UC_head                                  0x20000002   Data           2  usart_communication.o(.data)
    UC_tail                                  0x20000004   Data           2  usart_communication.o(.data)
    UC_Length                                0x20000006   Data           2  usart_communication.o(.data)
    Type                                     0x20000008   Data           1  usart_communication.o(.data)
    Message_number                           0x2000000a   Data           2  usart_communication.o(.data)
    Check_Sum                                0x2000000c   Data           1  usart_communication.o(.data)
    Position_x                               0x2000000e   Data           2  accept_coordinate.o(.data)
    Position_y                               0x20000010   Data           2  accept_coordinate.o(.data)
    Position_z                               0x20000012   Data           2  accept_coordinate.o(.data)
    Cq_head                                  0x20000014   Data           2  accept_coordinate.o(.data)
    Cq_tail                                  0x20000016   Data           2  accept_coordinate.o(.data)
    PWM_per_mm                               0x20000018   Data           4  coordinate_pwm.o(.data)
    Z_MOVE                                   0x2000001c   Data           2  coordinate_pwm.o(.data)
    QJ_IMS_Mp_head                           0x20000032   Data           2  improved_motion_strategy.o(.data)
    QJ_IMS_Mp_tail                           0x20000034   Data           2  improved_motion_strategy.o(.data)
    USART_RX_STA                             0x2000003a   Data           2  usart.o(.data)
    Length_Message                           0x2000003c   Data           2  usart.o(.data)
    ERROR_INFORMATION                        0x2000003e   Data           1  usart.o(.data)
    USART2_RX_STA                            0x20000040   Data           2  usart2.o(.data)
    Length_Message2                          0x20000042   Data           2  usart2.o(.data)
    ERROR_INFORMATION2                       0x20000044   Data           1  usart2.o(.data)
    __stdout                                 0x20000048   Data           4  usart2.o(.data)
    RUN                                      0x2000004e   Data           2  exti.o(.data)
    WWDG_CNT                                 0x20000050   Data           1  wdg.o(.data)
    index_timer2                             0x20000054   Data           2  timer1.o(.data)
    DIR_shalou                               0x20000056   Data           2  timer1.o(.data)
    SHOULOU_Change_Speed_flag                0x20000058   Data           2  timer1.o(.data)
    QJ_TIM_TIM2_finish_shalou                0x2000005a   Data           2  timer1.o(.data)
    PWM_counter_y                            0x2000005c   Data           4  timer1.o(.data)
    PWM_counter_x                            0x20000060   Data           4  timer1.o(.data)
    PWM_counter_xy                           0x20000064   Data           4  timer1.o(.data)
    PWM_counter_z                            0x20000068   Data           4  timer1.o(.data)
    PWM_counter_shalou                       0x2000006c   Data           4  timer1.o(.data)
    index_xy                                 0x20000070   Data           2  timer1.o(.data)
    index_z                                  0x20000072   Data           2  timer1.o(.data)
    QJ_TIM_finish_xy                         0x20000074   Data           2  timer1.o(.data)
    QJ_TIM_PWM_to_Encoder                    0x20000078   Data           4  timer1.o(.data)
    QJ_TIM_TIM4_finish_Z                     0x2000007c   Data           2  timer1.o(.data)
    flag_x_out                               0x2000007e   Data           2  timer1.o(.data)
    flag_y_out                               0x20000080   Data           2  timer1.o(.data)
    cache                                    0x20000084   Data         722  usart_communication.o(.bss)
    QJ_IMS_Mp_queue                          0x2000107c   Data       48240  improved_motion_strategy.o(.bss)
    QJ_IMS_Mp_TIM4_Z                         0x2000ccec   Data         240  improved_motion_strategy.o(.bss)
    USART_RX_BUF                             0x2000cddc   Data         200  usart.o(.bss)
    USART2_RX_BUF                            0x2000cea4   Data         200  usart2.o(.bss)
    timer5_move_xy                           0x2000cf6c   Data         240  timer1.o(.bss)
    __libspace_start                         0x2000d05c   Data          96  libspace.o(.bss)
    __temporary_stack_top$libspace           0x2000d0bc   Data           0  libspace.o(.bss)



==============================================================================

Memory Map of the image

  Image Entry point : 0x08000131

  Load Region LR_IROM1 (Base: 0x08000000, Size: 0x00003eac, Max: 0x00080000, ABSOLUTE)

    Execution Region ER_IROM1 (Base: 0x08000000, Size: 0x00003e28, Max: 0x00080000, ABSOLUTE)

    Base Addr    Size         Type   Attr      Idx    E Section Name        Object

    0x08000000   0x00000130   Data   RO            3    RESET               startup_stm32f10x_hd.o
    0x08000130   0x00000008   Code   RO          394  * !!!main             c_w.l(__main.o)
    0x08000138   0x00000034   Code   RO          624    !!!scatter          c_w.l(__scatter.o)
    0x0800016c   0x0000001a   Code   RO          626    !!handler_copy      c_w.l(__scatter_copy.o)
    0x08000186   0x00000002   PAD
    0x08000188   0x0000001c   Code   RO          628    !!handler_zi        c_w.l(__scatter_zi.o)
    0x080001a4   0x00000000   Code   RO          391    .ARM.Collect$$_printf_percent$$00000000  c_w.l(_printf_percent.o)
    0x080001a4   0x00000006   Code   RO          390    .ARM.Collect$$_printf_percent$$00000009  c_w.l(_printf_d.o)
    0x080001aa   0x00000004   Code   RO          455    .ARM.Collect$$_printf_percent$$00000017  c_w.l(_printf_percent_end.o)
    0x080001ae   0x00000002   Code   RO          501    .ARM.Collect$$libinit$$00000000  c_w.l(libinit.o)
    0x080001b0   0x00000000   Code   RO          508    .ARM.Collect$$libinit$$00000002  c_w.l(libinit2.o)
    0x080001b0   0x00000000   Code   RO          511    .ARM.Collect$$libinit$$00000008  c_w.l(libinit2.o)
    0x080001b0   0x00000000   Code   RO          513    .ARM.Collect$$libinit$$0000000A  c_w.l(libinit2.o)
    0x080001b0   0x00000000   Code   RO          515    .ARM.Collect$$libinit$$0000000C  c_w.l(libinit2.o)
    0x080001b0   0x00000000   Code   RO          518    .ARM.Collect$$libinit$$0000000F  c_w.l(libinit2.o)
    0x080001b0   0x00000000   Code   RO          520    .ARM.Collect$$libinit$$00000011  c_w.l(libinit2.o)
    0x080001b0   0x00000000   Code   RO          522    .ARM.Collect$$libinit$$00000013  c_w.l(libinit2.o)
    0x080001b0   0x00000000   Code   RO          524    .ARM.Collect$$libinit$$00000015  c_w.l(libinit2.o)
    0x080001b0   0x00000000   Code   RO          526    .ARM.Collect$$libinit$$00000017  c_w.l(libinit2.o)
    0x080001b0   0x00000000   Code   RO          528    .ARM.Collect$$libinit$$00000019  c_w.l(libinit2.o)
    0x080001b0   0x00000000   Code   RO          530    .ARM.Collect$$libinit$$0000001B  c_w.l(libinit2.o)
    0x080001b0   0x00000000   Code   RO          532    .ARM.Collect$$libinit$$0000001D  c_w.l(libinit2.o)
    0x080001b0   0x00000000   Code   RO          534    .ARM.Collect$$libinit$$0000001F  c_w.l(libinit2.o)
    0x080001b0   0x00000000   Code   RO          536    .ARM.Collect$$libinit$$00000021  c_w.l(libinit2.o)
    0x080001b0   0x00000000   Code   RO          538    .ARM.Collect$$libinit$$00000023  c_w.l(libinit2.o)
    0x080001b0   0x00000000   Code   RO          542    .ARM.Collect$$libinit$$0000002A  c_w.l(libinit2.o)
    0x080001b0   0x00000000   Code   RO          544    .ARM.Collect$$libinit$$0000002C  c_w.l(libinit2.o)
    0x080001b0   0x00000000   Code   RO          546    .ARM.Collect$$libinit$$0000002E  c_w.l(libinit2.o)
    0x080001b0   0x00000000   Code   RO          548    .ARM.Collect$$libinit$$00000030  c_w.l(libinit2.o)
    0x080001b0   0x00000002   Code   RO          549    .ARM.Collect$$libinit$$00000031  c_w.l(libinit2.o)
    0x080001b2   0x00000002   Code   RO          567    .ARM.Collect$$libshutdown$$00000000  c_w.l(libshutdown.o)
    0x080001b4   0x00000000   Code   RO          578    .ARM.Collect$$libshutdown$$00000003  c_w.l(libshutdown2.o)
    0x080001b4   0x00000000   Code   RO          581    .ARM.Collect$$libshutdown$$00000006  c_w.l(libshutdown2.o)
    0x080001b4   0x00000000   Code   RO          584    .ARM.Collect$$libshutdown$$00000009  c_w.l(libshutdown2.o)
    0x080001b4   0x00000000   Code   RO          586    .ARM.Collect$$libshutdown$$0000000B  c_w.l(libshutdown2.o)
    0x080001b4   0x00000000   Code   RO          589    .ARM.Collect$$libshutdown$$0000000E  c_w.l(libshutdown2.o)
    0x080001b4   0x00000002   Code   RO          590    .ARM.Collect$$libshutdown$$0000000F  c_w.l(libshutdown2.o)
    0x080001b6   0x00000000   Code   RO          450    .ARM.Collect$$rtentry$$00000000  c_w.l(rtentry.o)
    0x080001b6   0x00000000   Code   RO          470    .ARM.Collect$$rtentry$$00000002  c_w.l(rtentry2.o)
    0x080001b6   0x00000006   Code   RO          482    .ARM.Collect$$rtentry$$00000004  c_w.l(rtentry4.o)
    0x080001bc   0x00000000   Code   RO          472    .ARM.Collect$$rtentry$$00000009  c_w.l(rtentry2.o)
    0x080001bc   0x00000004   Code   RO          473    .ARM.Collect$$rtentry$$0000000A  c_w.l(rtentry2.o)
    0x080001c0   0x00000000   Code   RO          475    .ARM.Collect$$rtentry$$0000000C  c_w.l(rtentry2.o)
    0x080001c0   0x00000008   Code   RO          476    .ARM.Collect$$rtentry$$0000000D  c_w.l(rtentry2.o)
    0x080001c8   0x00000002   Code   RO          505    .ARM.Collect$$rtexit$$00000000  c_w.l(rtexit.o)
    0x080001ca   0x00000000   Code   RO          551    .ARM.Collect$$rtexit$$00000002  c_w.l(rtexit2.o)
    0x080001ca   0x00000004   Code   RO          552    .ARM.Collect$$rtexit$$00000003  c_w.l(rtexit2.o)
    0x080001ce   0x00000006   Code   RO          553    .ARM.Collect$$rtexit$$00000004  c_w.l(rtexit2.o)
    0x080001d4   0x0000000c   Code   RO          209    .emb_text           sys.o
    0x080001e0   0x00000048   Code   RO            4    .text               startup_stm32f10x_hd.o
    0x08000228   0x00000698   Code   RO           10    .text               test.o
    0x080008c0   0x00000384   Code   RO           97    .text               usart_communication.o
    0x08000c44   0x0000029c   Code   RO          129    .text               accept_coordinate.o
    0x08000ee0   0x000000c8   Code   RO          148    .text               coordinate_pwm.o
    0x08000fa8   0x000008f4   Code   RO          163    .text               improved_motion_strategy.o
    0x0800189c   0x000000fc   Code   RO          183    .text               cos.o
    0x08001998   0x000000ac   Code   RO          195    .text               delay.o
    0x08001a44   0x000002e8   Code   RO          210    .text               sys.o
    0x08001d2c   0x00000220   Code   RO          225    .text               usart.o
    0x08001f4c   0x00000228   Code   RO          245    .text               usart2.o
    0x08002174   0x00000038   Code   RO          268    .text               beep.o
    0x080021ac   0x00000108   Code   RO          280    .text               key.o
    0x080022b4   0x00000138   Code   RO          293    .text               exti.o
    0x080023ec   0x000000e8   Code   RO          311    .text               wdg.o
    0x080024d4   0x00000778   Code   RO          326    .text               timer1.o
    0x08002c4c   0x00000178   Code   RO          346    .text               gpio.o
    0x08002dc4   0x00000002   Code   RO          360    .text               c_w.l(use_no_semi_2.o)
    0x08002dc6   0x00000002   PAD
    0x08002dc8   0x00000018   Code   RO          364    .text               c_w.l(noretval__2printf.o)
    0x08002de0   0x00000068   Code   RO          366    .text               c_w.l(__printf.o)
    0x08002e48   0x00000078   Code   RO          368    .text               c_w.l(_printf_dec.o)
    0x08002ec0   0x00000006   Code   RO          392    .text               c_w.l(heapauxi.o)
    0x08002ec6   0x00000002   Code   RO          448    .text               c_w.l(use_no_semi.o)
    0x08002ec8   0x000000b8   Code   RO          451    .text               c_w.l(_printf_intcommon.o)
    0x08002f80   0x00000024   Code   RO          453    .text               c_w.l(_printf_char_file.o)
    0x08002fa4   0x00000030   Code   RO          484    .text               c_w.l(_printf_char_common.o)
    0x08002fd4   0x00000008   Code   RO          486    .text               c_w.l(ferror.o)
    0x08002fdc   0x0000004a   Code   RO          490    .text               c_w.l(sys_stackheap_outer.o)
    0x08003026   0x0000000c   Code   RO          494    .text               c_w.l(exit.o)
    0x08003032   0x00000002   PAD
    0x08003034   0x00000008   Code   RO          502    .text               c_w.l(libspace.o)
    0x0800303c   0x00000062   Code   RO          396    x$fpl$d2f           fz_ws.l(d2f.o)
    0x0800309e   0x00000018   Code   RO          456    x$fpl$dcmpinf       fz_ws.l(dcmpi.o)
    0x080030b6   0x00000002   PAD
    0x080030b8   0x000002b0   Code   RO          399    x$fpl$ddiv          fz_ws.l(ddiv.o)
    0x08003368   0x0000002e   Code   RO          403    x$fpl$dflt          fz_ws.l(dflt_clz.o)
    0x08003396   0x00000002   PAD
    0x08003398   0x00000078   Code   RO          408    x$fpl$dleqf         fz_ws.l(dleqf.o)
    0x08003410   0x00000154   Code   RO          410    x$fpl$dmul          fz_ws.l(dmul.o)
    0x08003564   0x0000009c   Code   RO          458    x$fpl$dnaninf       fz_ws.l(dnaninf.o)
    0x08003600   0x0000000c   Code   RO          460    x$fpl$dretinf       fz_ws.l(dretinf.o)
    0x0800360c   0x0000006c   Code   RO          412    x$fpl$drleqf        fz_ws.l(drleqf.o)
    0x08003678   0x00000056   Code   RO          414    x$fpl$f2d           fz_ws.l(f2d.o)
    0x080036ce   0x00000002   PAD
    0x080036d0   0x000000c4   Code   RO          416    x$fpl$fadd          fz_ws.l(faddsub_clz.o)
    0x08003794   0x00000018   Code   RO          462    x$fpl$fcmpinf       fz_ws.l(fcmpi.o)
    0x080037ac   0x00000184   Code   RO          423    x$fpl$fdiv          fz_ws.l(fdiv.o)
    0x08003930   0x00000068   Code   RO          426    x$fpl$feqf          fz_ws.l(feqf.o)
    0x08003998   0x00000036   Code   RO          428    x$fpl$ffix          fz_ws.l(ffix.o)
    0x080039ce   0x00000002   PAD
    0x080039d0   0x0000003e   Code   RO          432    x$fpl$ffixu         fz_ws.l(ffixu.o)
    0x08003a0e   0x00000002   PAD
    0x08003a10   0x00000030   Code   RO          437    x$fpl$fflt          fz_ws.l(fflt_clz.o)
    0x08003a40   0x00000026   Code   RO          436    x$fpl$ffltu         fz_ws.l(fflt_clz.o)
    0x08003a66   0x00000002   PAD
    0x08003a68   0x00000068   Code   RO          442    x$fpl$fleqf         fz_ws.l(fleqf.o)
    0x08003ad0   0x00000102   Code   RO          444    x$fpl$fmul          fz_ws.l(fmul.o)
    0x08003bd2   0x0000008c   Code   RO          464    x$fpl$fnaninf       fz_ws.l(fnaninf.o)
    0x08003c5e   0x0000000a   Code   RO          466    x$fpl$fretinf       fz_ws.l(fretinf.o)
    0x08003c68   0x00000062   Code   RO          446    x$fpl$frleqf        fz_ws.l(frleqf.o)
    0x08003cca   0x00000014   Code   RO          417    x$fpl$frsb          fz_ws.l(faddsub_clz.o)
    0x08003cde   0x00000002   PAD
    0x08003ce0   0x000000ea   Code   RO          418    x$fpl$fsub          fz_ws.l(faddsub_clz.o)
    0x08003dca   0x00000000   Code   RO          468    x$fpl$usenofp       fz_ws.l(usenofp.o)
    0x08003dca   0x0000002a   Data   RO          165    .constdata          improved_motion_strategy.o
    0x08003df4   0x00000012   Data   RO          328    .constdata          timer1.o
    0x08003e06   0x00000002   PAD
    0x08003e08   0x00000020   Data   RO          622    Region$$Table       anon$$obj.o


    Execution Region RW_IRAM1 (Base: 0x20000000, Size: 0x0000d8c0, Max: 0x00010000, ABSOLUTE)

    Base Addr    Size         Type   Attr      Idx    E Section Name        Object

    0x20000000   0x0000000d   Data   RW           99    .data               usart_communication.o
    0x2000000d   0x00000001   PAD
    0x2000000e   0x0000000a   Data   RW          131    .data               accept_coordinate.o
    0x20000018   0x00000006   Data   RW          149    .data               coordinate_pwm.o
    0x2000001e   0x00000018   Data   RW          166    .data               improved_motion_strategy.o
    0x20000036   0x00000004   Data   RW          196    .data               delay.o
    0x2000003a   0x00000005   Data   RW          228    .data               usart.o
    0x2000003f   0x00000001   PAD
    0x20000040   0x0000000c   Data   RW          247    .data               usart2.o
    0x2000004c   0x00000001   Data   RW          281    .data               key.o
    0x2000004d   0x00000001   PAD
    0x2000004e   0x00000002   Data   RW          294    .data               exti.o
    0x20000050   0x00000001   Data   RW          312    .data               wdg.o
    0x20000051   0x00000003   PAD
    0x20000054   0x0000002e   Data   RW          329    .data               timer1.o
    0x20000082   0x00000002   PAD
    0x20000084   0x000002d2   Zero   RW           98    .bss                usart_communication.o
    0x20000356   0x00000d26   Zero   RW          130    .bss                accept_coordinate.o
    0x2000107c   0x0000bd60   Zero   RW          164    .bss                improved_motion_strategy.o
    0x2000cddc   0x000000c8   Zero   RW          226    .bss                usart.o
    0x2000cea4   0x000000c8   Zero   RW          246    .bss                usart2.o
    0x2000cf6c   0x000000f0   Zero   RW          327    .bss                timer1.o
    0x2000d05c   0x00000060   Zero   RW          503    .bss                c_w.l(libspace.o)
    0x2000d0bc   0x00000004   PAD
    0x2000d0c0   0x00000000   Zero   RW            2    HEAP                startup_stm32f10x_hd.o
    0x2000d0c0   0x00000800   Zero   RW            1    STACK               startup_stm32f10x_hd.o


==============================================================================

Image component sizes


      Code (inc. data)   RO Data    RW Data    ZI Data      Debug   Object Name

       668         42          0         10       3366       3311   accept_coordinate.o
        56         14          0          0          0        392   beep.o
       200          8          0          6          0       1425   coordinate_pwm.o
       252          8          0          0          0       1183   cos.o
       172         10          0          4          0        947   delay.o
       312         42          0          2          0       1187   exti.o
       376         28          0          0          0        500   gpio.o
      2292         70         42         24      48480       8262   improved_motion_strategy.o
       264         40          0          1          0        788   key.o
        72         26        304          0       2048        808   startup_stm32f10x_hd.o
       756         54          0          0          0       2727   sys.o
      1688        158          0          0          0       7868   test.o
      1912        192         18         46        240       3568   timer1.o
       544         34          0          5        200       1635   usart.o
       552         38          0         12        200       3176   usart2.o
       900        118          0         13        722       3420   usart_communication.o
       232         22          0          1          0       1364   wdg.o

    ----------------------------------------------------------------------
     11248        904        398        132      55256      42561   Object Totals
         0          0         32          0          0          0   (incl. Generated)
         0          0          2          8          0          0   (incl. Padding)

    ----------------------------------------------------------------------

      Code (inc. data)   RO Data    RW Data    ZI Data      Debug   Library Member Name

         8          0          0          0          0         68   __main.o
       104          0          0          0          0         84   __printf.o
        52          8          0          0          0          0   __scatter.o
        26          0          0          0          0          0   __scatter_copy.o
        28          0          0          0          0          0   __scatter_zi.o
        48          6          0          0          0         96   _printf_char_common.o
        36          4          0          0          0         80   _printf_char_file.o
         6          0          0          0          0          0   _printf_d.o
       120         18          0          0          0         92   _printf_dec.o
       184          0          0          0          0         88   _printf_intcommon.o
         0          0          0          0          0          0   _printf_percent.o
         4          0          0          0          0          0   _printf_percent_end.o
        12          0          0          0          0         72   exit.o
         8          0          0          0          0         68   ferror.o
         6          0          0          0          0        152   heapauxi.o
         2          0          0          0          0          0   libinit.o
         2          0          0          0          0          0   libinit2.o
         2          0          0          0          0          0   libshutdown.o
         2          0          0          0          0          0   libshutdown2.o
         8          4          0          0         96         68   libspace.o
        24          4          0          0          0         84   noretval__2printf.o
         0          0          0          0          0          0   rtentry.o
        12          0          0          0          0          0   rtentry2.o
         6          0          0          0          0          0   rtentry4.o
         2          0          0          0          0          0   rtexit.o
        10          0          0          0          0          0   rtexit2.o
        74          0          0          0          0         80   sys_stackheap_outer.o
         2          0          0          0          0         68   use_no_semi.o
         2          0          0          0          0         68   use_no_semi_2.o
        98          4          0          0          0         92   d2f.o
        24          0          0          0          0         68   dcmpi.o
       688        140          0          0          0        212   ddiv.o
        46          0          0          0          0         68   dflt_clz.o
       120          4          0          0          0         92   dleqf.o
       340         12          0          0          0        104   dmul.o
       156          4          0          0          0         92   dnaninf.o
        12          0          0          0          0         68   dretinf.o
       108          0          0          0          0         80   drleqf.o
        86          4          0          0          0         84   f2d.o
       450          8          0          0          0        236   faddsub_clz.o
        24          0          0          0          0         68   fcmpi.o
       388         76          0          0          0         96   fdiv.o
       104          4          0          0          0         84   feqf.o
        54          4          0          0          0         84   ffix.o
        62          4          0          0          0         84   ffixu.o
        86          0          0          0          0        136   fflt_clz.o
       104          4          0          0          0         84   fleqf.o
       258          4          0          0          0         84   fmul.o
       140          4          0          0          0         84   fnaninf.o
        10          0          0          0          0         68   fretinf.o
        98          0          0          0          0         68   frleqf.o
         0          0          0          0          0          0   usenofp.o

    ----------------------------------------------------------------------
      4266        320          0          0        100       3304   Library Totals
        20          0          0          0          4          0   (incl. Padding)

    ----------------------------------------------------------------------

      Code (inc. data)   RO Data    RW Data    ZI Data      Debug   Library Name

       790         44          0          0         96       1168   c_w.l
      3456        276          0          0          0       2136   fz_ws.l

    ----------------------------------------------------------------------
      4266        320          0          0        100       3304   Library Totals

    ----------------------------------------------------------------------

==============================================================================


      Code (inc. data)   RO Data    RW Data    ZI Data      Debug   

     15514       1224        398        132      55356      42537   Grand Totals
     15514       1224        398        132      55356      42537   ELF Image Totals
     15514       1224        398        132          0          0   ROM Totals

==============================================================================

    Total RO  Size (Code + RO Data)                15912 (  15.54kB)
    Total RW  Size (RW Data + ZI Data)             55488 (  54.19kB)
    Total ROM Size (Code + RO Data + RW Data)      16044 (  15.67kB)

==============================================================================

