<html>
<body>
<pre>
<h1>µVision Build Log</h1>
<h2>Project:</h2>
C:\Users\Androoid\Desktop\É³»­³ÌÐò²ÎÈü°æ\É³»­³ÌÐò×îÖÕ°æ7_4\USER\test.uvproj
Project File Date:  07/04/2014

<h2>Output:</h2>
Build target 'Target 1'
compiling test.c...
compiling accept_coordinate.c...
linking...
Program Size: Code=15970 RO-data=398 RW-data=132 ZI-data=53732  
FromELF: creating hex file...
"test.axf" - 0 Error(s), 0 Warning(s).
Build target 'Target 1'
compiling improved_motion_strategy.c...
linking...
Program Size: Code=15970 RO-data=398 RW-data=132 ZI-data=53732  
FromELF: creating hex file...
"test.axf" - 0 Error(s), 0 Warning(s).
Build target 'Target 1'
linking...
Program Size: Code=15970 RO-data=398 RW-data=132 ZI-data=53732  
FromELF: creating hex file...
"test.axf" - 0 Error(s), 0 Warning(s).
Build target 'Target 1'
compiling test.c...
compiling accept_coordinate.c...
compiling improved_motion_strategy.c...
linking...
Program Size: Code=15674 RO-data=398 RW-data=132 ZI-data=53732  
FromELF: creating hex file...
"test.axf" - 0 Error(s), 0 Warning(s).
Build target 'Target 1'
compiling improved_motion_strategy.c...
linking...
Program Size: Code=15674 RO-data=398 RW-data=132 ZI-data=53732  
FromELF: creating hex file...
"test.axf" - 0 Error(s), 0 Warning(s).
Build target 'Target 1'
compiling improved_motion_strategy.c...
linking...
Program Size: Code=15674 RO-data=398 RW-data=132 ZI-data=53732  
FromELF: creating hex file...
"test.axf" - 0 Error(s), 0 Warning(s).
Build target 'Target 1'
compiling improved_motion_strategy.c...
compiling timer1.c...
linking...
Program Size: Code=15810 RO-data=398 RW-data=132 ZI-data=53732  
FromELF: creating hex file...
"test.axf" - 0 Error(s), 0 Warning(s).
Build target 'Target 1'
compiling improved_motion_strategy.c...
linking...
Program Size: Code=15810 RO-data=398 RW-data=132 ZI-data=53732  
FromELF: creating hex file...
"test.axf" - 0 Error(s), 0 Warning(s).
Build target 'Target 1'
linking...
Program Size: Code=15810 RO-data=398 RW-data=132 ZI-data=53732  
FromELF: creating hex file...
"test.axf" - 0 Error(s), 0 Warning(s).
Build target 'Target 1'
compiling test.c...
linking...
Program Size: Code=15814 RO-data=398 RW-data=132 ZI-data=53732  
FromELF: creating hex file...
"test.axf" - 0 Error(s), 0 Warning(s).
Build target 'Target 1'
compiling test.c...
linking...
Program Size: Code=15818 RO-data=398 RW-data=132 ZI-data=53732  
FromELF: creating hex file...
"test.axf" - 0 Error(s), 0 Warning(s).
Build target 'Target 1'
compiling test.c...
linking...
Program Size: Code=15818 RO-data=398 RW-data=132 ZI-data=53732  
FromELF: creating hex file...
"test.axf" - 0 Error(s), 0 Warning(s).
